\BOOKMARK [1][-]{section.1}{Asset Classes}{}% 1
\BOOKMARK [2][-]{subsection.1.1}{Summary of Asset Classes}{section.1}% 2
\BOOKMARK [2][-]{subsection.1.2}{History: COoil1}{section.1}% 3
\BOOKMARK [2][-]{subsection.1.3}{History: COgold}{section.1}% 4
\BOOKMARK [2][-]{subsection.1.4}{History: COgrains}{section.1}% 5
\BOOKMARK [2][-]{subsection.1.5}{History: COsilver}{section.1}% 6
\BOOKMARK [2][-]{subsection.1.6}{History: COgasoline}{section.1}% 7
\BOOKMARK [2][-]{subsection.1.7}{History: COnatgas}{section.1}% 8
\BOOKMARK [2][-]{subsection.1.8}{History: COoil2}{section.1}% 9
\BOOKMARK [2][-]{subsection.1.9}{History: EQmidcap}{section.1}% 10
\BOOKMARK [2][-]{subsection.1.10}{History: EQsmallcap}{section.1}% 11
\BOOKMARK [2][-]{subsection.1.11}{History: EQdevedintl}{section.1}% 12
\BOOKMARK [2][-]{subsection.1.12}{History: EQdevingintl}{section.1}% 13
\BOOKMARK [2][-]{subsection.1.13}{History: EQlargecap}{section.1}% 14
\BOOKMARK [2][-]{subsection.1.14}{History: FIdevedintl}{section.1}% 15
\BOOKMARK [2][-]{subsection.1.15}{History: FIdevingintl}{section.1}% 16
\BOOKMARK [2][-]{subsection.1.16}{History: FIHY}{section.1}% 17
\BOOKMARK [2][-]{subsection.1.17}{History: FIIGmid}{section.1}% 18
\BOOKMARK [2][-]{subsection.1.18}{History: FIIGlong}{section.1}% 19
\BOOKMARK [2][-]{subsection.1.19}{History: FIIGshort}{section.1}% 20
\BOOKMARK [2][-]{subsection.1.20}{History: FItreaslong}{section.1}% 21
\BOOKMARK [2][-]{subsection.1.21}{History: FItreasshort}{section.1}% 22
