\BOOKMARK [1][-]{section.1}{PCA for Clusters}{}% 1
\BOOKMARK [2][-]{subsection.1.1}{Cluster: FItreasshort}{section.1}% 2
\BOOKMARK [2][-]{subsection.1.2}{Cluster: FItreaslong}{section.1}% 3
\BOOKMARK [2][-]{subsection.1.3}{Cluster: FIIGshort}{section.1}% 4
\BOOKMARK [2][-]{subsection.1.4}{Cluster: FIIGlong}{section.1}% 5
\BOOKMARK [2][-]{subsection.1.5}{Cluster: FIIGmid}{section.1}% 6
\BOOKMARK [2][-]{subsection.1.6}{Cluster: FIHY}{section.1}% 7
\BOOKMARK [2][-]{subsection.1.7}{Cluster: FIdevedintl}{section.1}% 8
\BOOKMARK [2][-]{subsection.1.8}{Cluster: FIdevingintl}{section.1}% 9
\BOOKMARK [2][-]{subsection.1.9}{Cluster: EQlargecap}{section.1}% 10
\BOOKMARK [2][-]{subsection.1.10}{Cluster: EQmidcap}{section.1}% 11
\BOOKMARK [2][-]{subsection.1.11}{Cluster: EQsmallcap}{section.1}% 12
\BOOKMARK [2][-]{subsection.1.12}{Cluster: EQdevedintl}{section.1}% 13
\BOOKMARK [2][-]{subsection.1.13}{Cluster: EQdevingintl}{section.1}% 14
\BOOKMARK [2][-]{subsection.1.14}{Cluster: COoil1}{section.1}% 15
\BOOKMARK [2][-]{subsection.1.15}{Cluster: COoil2}{section.1}% 16
\BOOKMARK [2][-]{subsection.1.16}{Cluster: COnatgas}{section.1}% 17
\BOOKMARK [2][-]{subsection.1.17}{Cluster: COgasoline}{section.1}% 18
\BOOKMARK [2][-]{subsection.1.18}{Cluster: COgold}{section.1}% 19
\BOOKMARK [2][-]{subsection.1.19}{Cluster: COsilver}{section.1}% 20
\BOOKMARK [2][-]{subsection.1.20}{Cluster: COgrains}{section.1}% 21
