This is pdfTeX, Version 3.14159265-2.6-1.40.18 (MiKTeX 2.9.6500 64-bit) (preloaded format=pdflatex 2018.4.2)  4 MAR 2020 22:54
entering extended mode
**./ACInfo_document.tex
(ACInfo_document.tex
LaTeX2e <2017-04-15>
Babel <3.15> and hyphenation patterns for 76 language(s) loaded.
("C:\Program Files\MiKTeX 2.9\tex\latex\base\article.cls"
Document Class: article 2014/09/29 v1.4h Standard LaTeX document class
("C:\Program Files\MiKTeX 2.9\tex\latex\base\size10.clo"
File: size10.clo 2014/09/29 v1.4h Standard LaTeX file (size option)
)
\c@part=\count79
\c@section=\count80
\c@subsection=\count81
\c@subsubsection=\count82
\c@paragraph=\count83
\c@subparagraph=\count84
\c@figure=\count85
\c@table=\count86
\abovecaptionskip=\skip41
\belowcaptionskip=\skip42
\bibindent=\dimen102
)
(GlobalParameters.tex)
("C:\Program Files\MiKTeX 2.9\tex\latex\graphics\graphicx.sty"
Package: graphicx 2017/06/01 v1.1a Enhanced LaTeX Graphics (DPC,SPQR)

("C:\Program Files\MiKTeX 2.9\tex\latex\graphics\keyval.sty"
Package: keyval 2014/10/28 v1.15 key=value parser (DPC)
\KV@toks@=\toks14
)
("C:\Program Files\MiKTeX 2.9\tex\latex\graphics\graphics.sty"
Package: graphics 2017/06/25 v1.2c Standard LaTeX Graphics (DPC,SPQR)

("C:\Program Files\MiKTeX 2.9\tex\latex\graphics\trig.sty"
Package: trig 2016/01/03 v1.10 sin cos tan (DPC)
)
("C:\Program Files\MiKTeX 2.9\tex\latex\graphics-cfg\graphics.cfg"
File: graphics.cfg 2016/06/04 v1.11 sample graphics configuration
)
Package graphics Info: Driver file: pdftex.def on input line 99.

("C:\Program Files\MiKTeX 2.9\tex\latex\graphics-def\pdftex.def"
File: pdftex.def 2017/12/07 v1.0i Graphics/color driver for pdftex
))
\Gin@req@height=\dimen103
\Gin@req@width=\dimen104
)
("C:\Program Files\MiKTeX 2.9\tex\latex\oberdiek\grffile.sty"
Package: grffile 2016/05/16 v1.17 Extended file name support for graphics (HO)

("C:\Program Files\MiKTeX 2.9\tex\generic\oberdiek\ifpdf.sty"
Package: ifpdf 2017/03/15 v3.2 Provides the ifpdf switch
)
("C:\Program Files\MiKTeX 2.9\tex\generic\ifxetex\ifxetex.sty"
Package: ifxetex 2010/09/12 v0.6 Provides ifxetex conditional
)
("C:\Program Files\MiKTeX 2.9\tex\latex\oberdiek\kvoptions.sty"
Package: kvoptions 2016/05/16 v3.12 Key value format for package options (HO)

("C:\Program Files\MiKTeX 2.9\tex\generic\oberdiek\ltxcmds.sty"
Package: ltxcmds 2016/05/16 v1.23 LaTeX kernel commands for general use (HO)
)
("C:\Program Files\MiKTeX 2.9\tex\generic\oberdiek\kvsetkeys.sty"
Package: kvsetkeys 2016/05/16 v1.17 Key value parser (HO)

("C:\Program Files\MiKTeX 2.9\tex\generic\oberdiek\infwarerr.sty"
Package: infwarerr 2016/05/16 v1.4 Providing info/warning/error messages (HO)
)
("C:\Program Files\MiKTeX 2.9\tex\generic\oberdiek\etexcmds.sty"
Package: etexcmds 2016/05/16 v1.6 Avoid name clashes with e-TeX commands (HO)

("C:\Program Files\MiKTeX 2.9\tex\generic\oberdiek\ifluatex.sty"
Package: ifluatex 2016/05/16 v1.4 Provides the ifluatex switch (HO)
Package ifluatex Info: LuaTeX not detected.
)
Package etexcmds Info: Could not find \expanded.
(etexcmds)             That can mean that you are not using pdfTeX 1.50 or
(etexcmds)             that some package has redefined \expanded.
(etexcmds)             In the latter case, load this package earlier.
)))
("C:\Program Files\MiKTeX 2.9\tex\generic\oberdiek\pdftexcmds.sty"
Package: pdftexcmds 2017/03/19 v0.25 Utility functions of pdfTeX for LuaTeX (HO
)
Package pdftexcmds Info: LuaTeX not detected.
Package pdftexcmds Info: \pdf@primitive is available.
Package pdftexcmds Info: \pdf@ifprimitive is available.
Package pdftexcmds Info: \pdfdraftmode found.
)
Package grffile Info: Option `multidot' is set to `true'.
Package grffile Info: Option `extendedchars' is set to `false'.
Package grffile Info: Option `space' is set to `true'.
Package grffile Info: \Gin@ii of package `graphicx' fixed on input line 486.
)
("C:\Program Files\MiKTeX 2.9\tex\latex\geometry\geometry.sty"
Package: geometry 2010/09/12 v5.6 Page Geometry

("C:\Program Files\MiKTeX 2.9\tex\generic\oberdiek\ifvtex.sty"
Package: ifvtex 2016/05/16 v1.6 Detect VTeX and its facilities (HO)
Package ifvtex Info: VTeX not detected.
)
\Gm@cnth=\count87
\Gm@cntv=\count88
\c@Gm@tempcnt=\count89
\Gm@bindingoffset=\dimen105
\Gm@wd@mp=\dimen106
\Gm@odd@mp=\dimen107
\Gm@even@mp=\dimen108
\Gm@layoutwidth=\dimen109
\Gm@layoutheight=\dimen110
\Gm@layouthoffset=\dimen111
\Gm@layoutvoffset=\dimen112
\Gm@dimlist=\toks15

("C:\Program Files\MiKTeX 2.9\tex\latex\geometry\geometry.cfg"))
("C:\Program Files\MiKTeX 2.9\tex\latex\oberdiek\pdflscape.sty"
Package: pdflscape 2016/05/14 v0.11 Display of landscape pages in PDF (HO)

("C:\Program Files\MiKTeX 2.9\tex\latex\graphics\lscape.sty"
Package: lscape 2000/10/22 v3.01 Landscape Pages (DPC)
)
Package pdflscape Info: Auto-detected driver: pdftex on input line 81.
)
("C:\Program Files\MiKTeX 2.9\tex\latex\float\float.sty"
Package: float 2001/11/08 v1.3d Float enhancements (AL)
\c@float@type=\count90
\float@exts=\toks16
\float@box=\box26
\@float@everytoks=\toks17
\@floatcapt=\box27
)
("C:\Program Files\MiKTeX 2.9\tex\latex\hyperref\hyperref.sty"
Package: hyperref 2017/03/14 v6.85a Hypertext links for LaTeX

("C:\Program Files\MiKTeX 2.9\tex\generic\oberdiek\hobsub-hyperref.sty"
Package: hobsub-hyperref 2016/05/16 v1.14 Bundle oberdiek, subset hyperref (HO)


("C:\Program Files\MiKTeX 2.9\tex\generic\oberdiek\hobsub-generic.sty"
Package: hobsub-generic 2016/05/16 v1.14 Bundle oberdiek, subset generic (HO)
Package: hobsub 2016/05/16 v1.14 Construct package bundles (HO)
Package hobsub Info: Skipping package `infwarerr' (already loaded).
Package hobsub Info: Skipping package `ltxcmds' (already loaded).
Package hobsub Info: Skipping package `ifluatex' (already loaded).
Package hobsub Info: Skipping package `ifvtex' (already loaded).
Package: intcalc 2016/05/16 v1.2 Expandable calculations with integers (HO)
Package hobsub Info: Skipping package `ifpdf' (already loaded).
Package hobsub Info: Skipping package `etexcmds' (already loaded).
Package hobsub Info: Skipping package `kvsetkeys' (already loaded).
Package: kvdefinekeys 2016/05/16 v1.4 Define keys (HO)
Package hobsub Info: Skipping package `pdftexcmds' (already loaded).
Package: pdfescape 2016/05/16 v1.14 Implements pdfTeX's escape features (HO)
Package: bigintcalc 2016/05/16 v1.4 Expandable calculations on big integers (HO
)
Package: bitset 2016/05/16 v1.2 Handle bit-vector datatype (HO)
Package: uniquecounter 2016/05/16 v1.3 Provide unlimited unique counter (HO)
)
Package hobsub Info: Skipping package `hobsub' (already loaded).
Package: letltxmacro 2016/05/16 v1.5 Let assignment for LaTeX macros (HO)
Package: hopatch 2016/05/16 v1.3 Wrapper for package hooks (HO)
Package: xcolor-patch 2016/05/16 xcolor patch
Package: atveryend 2016/05/16 v1.9 Hooks at the very end of document (HO)
Package atveryend Info: \enddocument detected (standard20110627).
Package: atbegshi 2016/06/09 v1.18 At begin shipout hook (HO)
Package: refcount 2016/05/16 v3.5 Data extraction from label references (HO)
Package: hycolor 2016/05/16 v1.8 Color options for hyperref/bookmark (HO)
)
("C:\Program Files\MiKTeX 2.9\tex\latex\oberdiek\auxhook.sty"
Package: auxhook 2016/05/16 v1.4 Hooks for auxiliary files (HO)
)
\@linkdim=\dimen113
\Hy@linkcounter=\count91
\Hy@pagecounter=\count92

("C:\Program Files\MiKTeX 2.9\tex\latex\hyperref\pd1enc.def"
File: pd1enc.def 2017/03/14 v6.85a Hyperref: PDFDocEncoding definition (HO)
)
\Hy@SavedSpaceFactor=\count93

("C:\Program Files\MiKTeX 2.9\tex\latex\00miktex\hyperref.cfg"
File: hyperref.cfg 2002/06/06 v1.2 hyperref configuration of TeXLive
)
Package hyperref Info: Option `bookmarks' set `true' on input line 4374.
Package hyperref Info: Hyper figures OFF on input line 4498.
Package hyperref Info: Link nesting OFF on input line 4503.
Package hyperref Info: Hyper index ON on input line 4506.
Package hyperref Info: Plain pages OFF on input line 4513.
Package hyperref Info: Backreferencing OFF on input line 4518.
Package hyperref Info: Implicit mode ON; LaTeX internals redefined.
Package hyperref Info: Bookmarks ON on input line 4751.
\c@Hy@tempcnt=\count94

("C:\Program Files\MiKTeX 2.9\tex\latex\url\url.sty"
\Urlmuskip=\muskip10
Package: url 2013/09/16  ver 3.4  Verb mode for urls, etc.
)
LaTeX Info: Redefining \url on input line 5104.
\XeTeXLinkMargin=\dimen114
\Fld@menulength=\count95
\Field@Width=\dimen115
\Fld@charsize=\dimen116
Package hyperref Info: Hyper figures OFF on input line 6358.
Package hyperref Info: Link nesting OFF on input line 6363.
Package hyperref Info: Hyper index ON on input line 6366.
Package hyperref Info: backreferencing OFF on input line 6373.
Package hyperref Info: Link coloring OFF on input line 6378.
Package hyperref Info: Link coloring with OCG OFF on input line 6383.
Package hyperref Info: PDF/A mode OFF on input line 6388.
LaTeX Info: Redefining \ref on input line 6428.
LaTeX Info: Redefining \pageref on input line 6432.
\Hy@abspage=\count96
\c@Item=\count97
\c@Hfootnote=\count98
)

Package hyperref Message: Driver (autodetected): hpdftex.

("C:\Program Files\MiKTeX 2.9\tex\latex\hyperref\hpdftex.def"
File: hpdftex.def 2017/03/14 v6.85a Hyperref driver for pdfTeX
\Fld@listcount=\count99
\c@bookmark@seq@number=\count100

("C:\Program Files\MiKTeX 2.9\tex\latex\oberdiek\rerunfilecheck.sty"
Package: rerunfilecheck 2016/05/16 v1.8 Rerun checks for auxiliary files (HO)
Package uniquecounter Info: New unique counter `rerunfilecheck' on input line 2
82.
)
\Hy@SectionHShift=\skip43
)
("C:\Program Files\MiKTeX 2.9\tex\latex\multirow\multirow.sty"
Package: multirow 2016/11/25 v2.2 Span multiple rows of a table
\multirow@colwidth=\skip44
\multirow@cntb=\count101
\multirow@dima=\skip45
\bigstrutjot=\dimen117
)
("C:\Program Files\MiKTeX 2.9\tex\latex\tools\array.sty"
Package: array 2016/10/06 v2.4d Tabular extension package (FMi)
\col@sep=\dimen118
\extrarowheight=\dimen119
\NC@list=\toks18
\extratabsurround=\skip46
\backup@length=\skip47
)
("C:\Program Files\MiKTeX 2.9\tex\latex\xcolor\xcolor.sty"
Package: xcolor 2016/05/11 v2.12 LaTeX color extensions (UK)

("C:\Program Files\MiKTeX 2.9\tex\latex\graphics-cfg\color.cfg"
File: color.cfg 2016/01/02 v1.6 sample color configuration
)
Package xcolor Info: Driver file: pdftex.def on input line 225.
Package xcolor Info: Model `cmy' substituted by `cmy0' on input line 1348.
Package xcolor Info: Model `hsb' substituted by `rgb' on input line 1352.
Package xcolor Info: Model `RGB' extended on input line 1364.
Package xcolor Info: Model `HTML' substituted by `rgb' on input line 1366.
Package xcolor Info: Model `Hsb' substituted by `hsb' on input line 1367.
Package xcolor Info: Model `tHsb' substituted by `hsb' on input line 1368.
Package xcolor Info: Model `HSB' substituted by `hsb' on input line 1369.
Package xcolor Info: Model `Gray' substituted by `gray' on input line 1370.
Package xcolor Info: Model `wave' substituted by `hsb' on input line 1371.
)
("C:\Program Files\MiKTeX 2.9\tex\latex\pgf\frontendlayer\tikz.sty"
("C:\Program Files\MiKTeX 2.9\tex\latex\pgf\basiclayer\pgf.sty"
("C:\Program Files\MiKTeX 2.9\tex\latex\pgf\utilities\pgfrcs.sty"
("C:\Program Files\MiKTeX 2.9\tex\generic\pgf\utilities\pgfutil-common.tex"
\pgfutil@everybye=\toks19
\pgfutil@tempdima=\dimen120
\pgfutil@tempdimb=\dimen121

("C:\Program Files\MiKTeX 2.9\tex\generic\pgf\utilities\pgfutil-common-lists.te
x")) ("C:\Program Files\MiKTeX 2.9\tex\generic\pgf\utilities\pgfutil-latex.def"
\pgfutil@abb=\box28
("C:\Program Files\MiKTeX 2.9\tex\latex\ms\everyshi.sty"
Package: everyshi 2001/05/15 v3.00 EveryShipout Package (MS)
))
("C:\Program Files\MiKTeX 2.9\tex\generic\pgf\utilities\pgfrcs.code.tex"
Package: pgfrcs 2015/08/07 v3.0.1a (rcs-revision 1.31)
))
Package: pgf 2015/08/07 v3.0.1a (rcs-revision 1.15)

("C:\Program Files\MiKTeX 2.9\tex\latex\pgf\basiclayer\pgfcore.sty"
("C:\Program Files\MiKTeX 2.9\tex\latex\pgf\systemlayer\pgfsys.sty"
("C:\Program Files\MiKTeX 2.9\tex\generic\pgf\systemlayer\pgfsys.code.tex"
Package: pgfsys 2014/07/09 v3.0.1a (rcs-revision 1.48)

("C:\Program Files\MiKTeX 2.9\tex\generic\pgf\utilities\pgfkeys.code.tex"
\pgfkeys@pathtoks=\toks20
\pgfkeys@temptoks=\toks21

("C:\Program Files\MiKTeX 2.9\tex\generic\pgf\utilities\pgfkeysfiltered.code.te
x"
\pgfkeys@tmptoks=\toks22
))
\pgf@x=\dimen122
\pgf@y=\dimen123
\pgf@xa=\dimen124
\pgf@ya=\dimen125
\pgf@xb=\dimen126
\pgf@yb=\dimen127
\pgf@xc=\dimen128
\pgf@yc=\dimen129
\w@pgf@writea=\write3
\r@pgf@reada=\read1
\c@pgf@counta=\count102
\c@pgf@countb=\count103
\c@pgf@countc=\count104
\c@pgf@countd=\count105
\t@pgf@toka=\toks23
\t@pgf@tokb=\toks24
\t@pgf@tokc=\toks25
 ("C:\Program Files\MiKTeX 2.9\tex\generic\pgf\systemlayer\pgf.cfg"
File: pgf.cfg 2008/05/14  (rcs-revision 1.7)
)
Driver file for pgf: pgfsys-pdftex.def

("C:\Program Files\MiKTeX 2.9\tex\generic\pgf\systemlayer\pgfsys-pdftex.def"
File: pgfsys-pdftex.def 2014/10/11  (rcs-revision 1.35)

("C:\Program Files\MiKTeX 2.9\tex\generic\pgf\systemlayer\pgfsys-common-pdf.def
"
File: pgfsys-common-pdf.def 2013/10/10  (rcs-revision 1.13)
)))
("C:\Program Files\MiKTeX 2.9\tex\generic\pgf\systemlayer\pgfsyssoftpath.code.t
ex"
File: pgfsyssoftpath.code.tex 2013/09/09  (rcs-revision 1.9)
\pgfsyssoftpath@smallbuffer@items=\count106
\pgfsyssoftpath@bigbuffer@items=\count107
)
("C:\Program Files\MiKTeX 2.9\tex\generic\pgf\systemlayer\pgfsysprotocol.code.t
ex"
File: pgfsysprotocol.code.tex 2006/10/16  (rcs-revision 1.4)
)) ("C:\Program Files\MiKTeX 2.9\tex\generic\pgf\basiclayer\pgfcore.code.tex"
Package: pgfcore 2010/04/11 v3.0.1a (rcs-revision 1.7)
 ("C:\Program Files\MiKTeX 2.9\tex\generic\pgf\math\pgfmath.code.tex"
("C:\Program Files\MiKTeX 2.9\tex\generic\pgf\math\pgfmathcalc.code.tex"
("C:\Program Files\MiKTeX 2.9\tex\generic\pgf\math\pgfmathutil.code.tex")
("C:\Program Files\MiKTeX 2.9\tex\generic\pgf\math\pgfmathparser.code.tex"
\pgfmath@dimen=\dimen130
\pgfmath@count=\count108
\pgfmath@box=\box29
\pgfmath@toks=\toks26
\pgfmath@stack@operand=\toks27
\pgfmath@stack@operation=\toks28
)
("C:\Program Files\MiKTeX 2.9\tex\generic\pgf\math\pgfmathfunctions.code.tex"
("C:\Program Files\MiKTeX 2.9\tex\generic\pgf\math\pgfmathfunctions.basic.code.
tex")
("C:\Program Files\MiKTeX 2.9\tex\generic\pgf\math\pgfmathfunctions.trigonometr
ic.code.tex")
("C:\Program Files\MiKTeX 2.9\tex\generic\pgf\math\pgfmathfunctions.random.code
.tex")
("C:\Program Files\MiKTeX 2.9\tex\generic\pgf\math\pgfmathfunctions.comparison.
code.tex")
("C:\Program Files\MiKTeX 2.9\tex\generic\pgf\math\pgfmathfunctions.base.code.t
ex")
("C:\Program Files\MiKTeX 2.9\tex\generic\pgf\math\pgfmathfunctions.round.code.
tex")
("C:\Program Files\MiKTeX 2.9\tex\generic\pgf\math\pgfmathfunctions.misc.code.t
ex")
("C:\Program Files\MiKTeX 2.9\tex\generic\pgf\math\pgfmathfunctions.integerarit
hmetics.code.tex")))
("C:\Program Files\MiKTeX 2.9\tex\generic\pgf\math\pgfmathfloat.code.tex"
\c@pgfmathroundto@lastzeros=\count109
))
("C:\Program Files\MiKTeX 2.9\tex\generic\pgf\basiclayer\pgfcorepoints.code.tex
"
File: pgfcorepoints.code.tex 2013/10/07  (rcs-revision 1.27)
\pgf@picminx=\dimen131
\pgf@picmaxx=\dimen132
\pgf@picminy=\dimen133
\pgf@picmaxy=\dimen134
\pgf@pathminx=\dimen135
\pgf@pathmaxx=\dimen136
\pgf@pathminy=\dimen137
\pgf@pathmaxy=\dimen138
\pgf@xx=\dimen139
\pgf@xy=\dimen140
\pgf@yx=\dimen141
\pgf@yy=\dimen142
\pgf@zx=\dimen143
\pgf@zy=\dimen144
)
("C:\Program Files\MiKTeX 2.9\tex\generic\pgf\basiclayer\pgfcorepathconstruct.c
ode.tex"
File: pgfcorepathconstruct.code.tex 2013/10/07  (rcs-revision 1.29)
\pgf@path@lastx=\dimen145
\pgf@path@lasty=\dimen146
)
("C:\Program Files\MiKTeX 2.9\tex\generic\pgf\basiclayer\pgfcorepathusage.code.
tex"
File: pgfcorepathusage.code.tex 2014/11/02  (rcs-revision 1.24)
\pgf@shorten@end@additional=\dimen147
\pgf@shorten@start@additional=\dimen148
)
("C:\Program Files\MiKTeX 2.9\tex\generic\pgf\basiclayer\pgfcorescopes.code.tex
"
File: pgfcorescopes.code.tex 2015/05/08  (rcs-revision 1.46)
\pgfpic=\box30
\pgf@hbox=\box31
\pgf@layerbox@main=\box32
\pgf@picture@serial@count=\count110
)
("C:\Program Files\MiKTeX 2.9\tex\generic\pgf\basiclayer\pgfcoregraphicstate.co
de.tex"
File: pgfcoregraphicstate.code.tex 2014/11/02  (rcs-revision 1.12)
\pgflinewidth=\dimen149
)
("C:\Program Files\MiKTeX 2.9\tex\generic\pgf\basiclayer\pgfcoretransformations
.code.tex"
File: pgfcoretransformations.code.tex 2015/08/07  (rcs-revision 1.20)
\pgf@pt@x=\dimen150
\pgf@pt@y=\dimen151
\pgf@pt@temp=\dimen152
)
("C:\Program Files\MiKTeX 2.9\tex\generic\pgf\basiclayer\pgfcorequick.code.tex"
File: pgfcorequick.code.tex 2008/10/09  (rcs-revision 1.3)
)
("C:\Program Files\MiKTeX 2.9\tex\generic\pgf\basiclayer\pgfcoreobjects.code.te
x"
File: pgfcoreobjects.code.tex 2006/10/11  (rcs-revision 1.2)
)
("C:\Program Files\MiKTeX 2.9\tex\generic\pgf\basiclayer\pgfcorepathprocessing.
code.tex"
File: pgfcorepathprocessing.code.tex 2013/09/09  (rcs-revision 1.9)
)
("C:\Program Files\MiKTeX 2.9\tex\generic\pgf\basiclayer\pgfcorearrows.code.tex
"
File: pgfcorearrows.code.tex 2015/05/14  (rcs-revision 1.43)
\pgfarrowsep=\dimen153
)
("C:\Program Files\MiKTeX 2.9\tex\generic\pgf\basiclayer\pgfcoreshade.code.tex"
File: pgfcoreshade.code.tex 2013/07/15  (rcs-revision 1.15)
\pgf@max=\dimen154
\pgf@sys@shading@range@num=\count111
) ("C:\Program Files\MiKTeX 2.9\tex\generic\pgf\basiclayer\pgfcoreimage.code.te
x"
File: pgfcoreimage.code.tex 2013/07/15  (rcs-revision 1.18)

("C:\Program Files\MiKTeX 2.9\tex\generic\pgf\basiclayer\pgfcoreexternal.code.t
ex"
File: pgfcoreexternal.code.tex 2014/07/09  (rcs-revision 1.21)
\pgfexternal@startupbox=\box33
))
("C:\Program Files\MiKTeX 2.9\tex\generic\pgf\basiclayer\pgfcorelayers.code.tex
"
File: pgfcorelayers.code.tex 2013/07/18  (rcs-revision 1.7)
)
("C:\Program Files\MiKTeX 2.9\tex\generic\pgf\basiclayer\pgfcoretransparency.co
de.tex"
File: pgfcoretransparency.code.tex 2013/09/30  (rcs-revision 1.5)
)
("C:\Program Files\MiKTeX 2.9\tex\generic\pgf\basiclayer\pgfcorepatterns.code.t
ex"
File: pgfcorepatterns.code.tex 2013/11/07  (rcs-revision 1.5)
)))
("C:\Program Files\MiKTeX 2.9\tex\generic\pgf\modules\pgfmoduleshapes.code.tex"
File: pgfmoduleshapes.code.tex 2014/03/21  (rcs-revision 1.35)
\pgfnodeparttextbox=\box34
) ("C:\Program Files\MiKTeX 2.9\tex\generic\pgf\modules\pgfmoduleplot.code.tex"
File: pgfmoduleplot.code.tex 2015/08/03  (rcs-revision 1.13)
)
("C:\Program Files\MiKTeX 2.9\tex\latex\pgf\compatibility\pgfcomp-version-0-65.
sty"
Package: pgfcomp-version-0-65 2007/07/03 v3.0.1a (rcs-revision 1.7)
\pgf@nodesepstart=\dimen155
\pgf@nodesepend=\dimen156
)
("C:\Program Files\MiKTeX 2.9\tex\latex\pgf\compatibility\pgfcomp-version-1-18.
sty"
Package: pgfcomp-version-1-18 2007/07/23 v3.0.1a (rcs-revision 1.1)
)) ("C:\Program Files\MiKTeX 2.9\tex\latex\pgf\utilities\pgffor.sty"
("C:\Program Files\MiKTeX 2.9\tex\latex\pgf\utilities\pgfkeys.sty"
("C:\Program Files\MiKTeX 2.9\tex\generic\pgf\utilities\pgfkeys.code.tex"))
("C:\Program Files\MiKTeX 2.9\tex\latex\pgf\math\pgfmath.sty"
("C:\Program Files\MiKTeX 2.9\tex\generic\pgf\math\pgfmath.code.tex"))
("C:\Program Files\MiKTeX 2.9\tex\generic\pgf\utilities\pgffor.code.tex"
Package: pgffor 2013/12/13 v3.0.1a (rcs-revision 1.25)

("C:\Program Files\MiKTeX 2.9\tex\generic\pgf\math\pgfmath.code.tex")
\pgffor@iter=\dimen157
\pgffor@skip=\dimen158
\pgffor@stack=\toks29
\pgffor@toks=\toks30
))
("C:\Program Files\MiKTeX 2.9\tex\generic\pgf\frontendlayer\tikz\tikz.code.tex"
Package: tikz 2015/08/07 v3.0.1a (rcs-revision 1.151)

("C:\Program Files\MiKTeX 2.9\tex\generic\pgf\libraries\pgflibraryplothandlers.
code.tex"
File: pgflibraryplothandlers.code.tex 2013/08/31 v3.0.1a (rcs-revision 1.20)
\pgf@plot@mark@count=\count112
\pgfplotmarksize=\dimen159
)
\tikz@lastx=\dimen160
\tikz@lasty=\dimen161
\tikz@lastxsaved=\dimen162
\tikz@lastysaved=\dimen163
\tikzleveldistance=\dimen164
\tikzsiblingdistance=\dimen165
\tikz@figbox=\box35
\tikz@figbox@bg=\box36
\tikz@tempbox=\box37
\tikz@tempbox@bg=\box38
\tikztreelevel=\count113
\tikznumberofchildren=\count114
\tikznumberofcurrentchild=\count115
\tikz@fig@count=\count116

("C:\Program Files\MiKTeX 2.9\tex\generic\pgf\modules\pgfmodulematrix.code.tex"
File: pgfmodulematrix.code.tex 2013/09/17  (rcs-revision 1.8)
\pgfmatrixcurrentrow=\count117
\pgfmatrixcurrentcolumn=\count118
\pgf@matrix@numberofcolumns=\count119
)
\tikz@expandcount=\count120

("C:\Program Files\MiKTeX 2.9\tex\generic\pgf\frontendlayer\tikz\libraries\tikz
librarytopaths.code.tex"
File: tikzlibrarytopaths.code.tex 2008/06/17 v3.0.1a (rcs-revision 1.2)
)))
("C:\Program Files\MiKTeX 2.9\tex\latex\tools\longtable.sty"
Package: longtable 2014/10/28 v4.11 Multi-page Table package (DPC)
\LTleft=\skip48
\LTright=\skip49
\LTpre=\skip50
\LTpost=\skip51
\LTchunksize=\count121
\LTcapwidth=\dimen166
\LT@head=\box39
\LT@firsthead=\box40
\LT@foot=\box41
\LT@lastfoot=\box42
\LT@cols=\count122
\LT@rows=\count123
\c@LT@tables=\count124
\c@LT@chunks=\count125
\LT@p@ftn=\toks31
)
("C:\Program Files\MiKTeX 2.9\tex\latex\tools\tabularx.sty"
Package: tabularx 2016/02/03 v2.11 `tabularx' package (DPC)
\TX@col@width=\dimen167
\TX@old@table=\dimen168
\TX@old@col=\dimen169
\TX@target=\dimen170
\TX@delta=\dimen171
\TX@cols=\count126
\TX@ftn=\toks32
)
("C:\Program Files\MiKTeX 2.9\tex\latex\sectsty\sectsty.sty"
Package: sectsty 2002/02/25 v2.0.2 Commands to change all sectional heading sty
les
)
("C:\Program Files\MiKTeX 2.9\tex\latex\fancyhdr\fancyhdr.sty"
Package: fancyhdr 2017/06/30 v3.9a Extensive control of page headers and footer
s
\f@nch@headwidth=\skip52
\f@nch@O@elh=\skip53
\f@nch@O@erh=\skip54
\f@nch@O@olh=\skip55
\f@nch@O@orh=\skip56
\f@nch@O@elf=\skip57
\f@nch@O@erf=\skip58
\f@nch@O@olf=\skip59
\f@nch@O@orf=\skip60
)
(ACInfo_document.aux)
\openout1 = `ACInfo_document.aux'.

LaTeX Font Info:    Checking defaults for OML/cmm/m/it on input line 87.
LaTeX Font Info:    ... okay on input line 87.
LaTeX Font Info:    Checking defaults for T1/cmr/m/n on input line 87.
LaTeX Font Info:    ... okay on input line 87.
LaTeX Font Info:    Checking defaults for OT1/cmr/m/n on input line 87.
LaTeX Font Info:    ... okay on input line 87.
LaTeX Font Info:    Checking defaults for OMS/cmsy/m/n on input line 87.
LaTeX Font Info:    ... okay on input line 87.
LaTeX Font Info:    Checking defaults for OMX/cmex/m/n on input line 87.
LaTeX Font Info:    ... okay on input line 87.
LaTeX Font Info:    Checking defaults for U/cmr/m/n on input line 87.
LaTeX Font Info:    ... okay on input line 87.
LaTeX Font Info:    Checking defaults for PD1/pdf/m/n on input line 87.
LaTeX Font Info:    ... okay on input line 87.

("C:\Program Files\MiKTeX 2.9\tex\context\base\supp-pdf.mkii"
[Loading MPS to PDF converter (version 2006.09.02).]
\scratchcounter=\count127
\scratchdimen=\dimen172
\scratchbox=\box43
\nofMPsegments=\count128
\nofMParguments=\count129
\everyMPshowfont=\toks33
\MPscratchCnt=\count130
\MPscratchDim=\dimen173
\MPnumerator=\count131
\makeMPintoPDFobject=\count132
\everyMPtoPDFconversion=\toks34
) ("C:\Program Files\MiKTeX 2.9\tex\latex\oberdiek\epstopdf-base.sty"
Package: epstopdf-base 2016/05/15 v2.6 Base part for package epstopdf

("C:\Program Files\MiKTeX 2.9\tex\latex\oberdiek\grfext.sty"
Package: grfext 2016/05/16 v1.2 Manage graphics extensions (HO)
)
Package epstopdf-base Info: Redefining graphics rule for `.eps' on input line 4
38.
Package grfext Info: Graphics extension search list:
(grfext)             [.pdf,.png,.jpg,.eps]
(grfext)             \AppendGraphicsExtensions on input line 456.
)
*geometry* driver: auto-detecting
*geometry* detected driver: pdftex
*geometry* verbose mode - [ preamble ] result:
* driver: pdftex
* paper: <default>
* layout: <same size as paper>
* layoutoffset:(h,v)=(0.0pt,0.0pt)
* modes: 
* h-part:(L,W,R)=(28.45274pt, 528.93675pt, 56.9055pt)
* v-part:(T,H,B)=(85.35826pt, 652.70622pt, 56.9055pt)
* \paperwidth=614.295pt
* \paperheight=794.96999pt
* \textwidth=528.93675pt
* \textheight=652.70622pt
* \oddsidemargin=-43.81725pt
* \evensidemargin=-43.81725pt
* \topmargin=-23.91173pt
* \headheight=12.0pt
* \headsep=25.0pt
* \topskip=10.0pt
* \footskip=30.0pt
* \marginparwidth=65.0pt
* \marginparsep=11.0pt
* \columnsep=10.0pt
* \skip\footins=9.0pt plus 4.0pt minus 2.0pt
* \hoffset=0.0pt
* \voffset=0.0pt
* \mag=1000
* \@twocolumnfalse
* \@twosidefalse
* \@mparswitchfalse
* \@reversemarginfalse
* (1in=72.27pt=25.4mm, 1cm=28.453pt)

\AtBeginShipoutBox=\box44
Package hyperref Info: Link coloring OFF on input line 87.
("C:\Program Files\MiKTeX 2.9\tex\latex\hyperref\nameref.sty"
Package: nameref 2016/05/21 v2.44 Cross-referencing by name of section

("C:\Program Files\MiKTeX 2.9\tex\generic\oberdiek\gettitlestring.sty"
Package: gettitlestring 2016/05/16 v1.5 Cleanup title references (HO)
)
\c@section@level=\count133
)
LaTeX Info: Redefining \ref on input line 87.
LaTeX Info: Redefining \pageref on input line 87.
LaTeX Info: Redefining \nameref on input line 87.

(ACInfo_document.out) (ACInfo_document.out)
\@outlinefile=\write4
\openout4 = `ACInfo_document.out'.


ABD: EveryShipout initializing macros
<./Picture/titleheader.png, id=134, 862.422pt x 233.07076pt>
File: ./Picture/titleheader.png Graphic file (type png)
<use ./Picture/titleheader.png>
Package pdftex.def Info: ./Picture/titleheader.png  used on input line 95.
(pdftex.def)             Requested size: 614.295pt x 166.02194pt.

Underfull \hbox (badness 10000) in paragraph at lines 97--97

 []


Underfull \hbox (badness 10000) in paragraph at lines 97--97

 []

[1

{C:/ProgramData/MiKTeX/2.9/pdftex/config/pdftex.map} <./Picture/titleheader.png
>] (ACInfo_document.toc
LaTeX Font Info:    External font `cmex10' loaded for size
(Font)              <7> on input line 2.
LaTeX Font Info:    External font `cmex10' loaded for size
(Font)              <5> on input line 2.
)
\tf@toc=\write5
\openout5 = `ACInfo_document.toc'.

 [2]
(C:/Users/huang/workspace/MASG/Output_FI/2020_02_09_10_28_30_AM/CurveInfo/MAP_C
URVE_MODEL.tex
Overfull \hbox (136.92018pt too wide) in alignment at lines 3--26
 [] [] [] [] [] [] [] [] 
 []


Underfull \vbox (badness 10000) detected at line 26
 []


Overfull \hbox (136.92018pt too wide) in alignment at lines 26--30
 [] [] [] [] [] [] [] [] 
 []

)
<./Picture/Logo.png, id=185, 380.55461pt x 137.46461pt>
File: ./Picture/Logo.png Graphic file (type png)
<use ./Picture/Logo.png>
Package pdftex.def Info: ./Picture/Logo.png  used on input line 111.
(pdftex.def)             Requested size: 56.9055pt x 20.55377pt.


Package Fancyhdr Warning: \headheight is too small (12.0pt): 
 Make it at least 20.39996pt.
 We now make it that large for the rest of the document.
 This may cause the page layout to be inconsistent, however.

[3 <./Picture/Logo.png>]
(C:/Users/huang/workspace/MASG/Output_FI/2020_02_09_10_28_30_AM/CurveInfo/Curve
s.tex)
LaTeX Font Info:    External font `cmex10' loaded for size
(Font)              <12> on input line 140.
LaTeX Font Info:    External font `cmex10' loaded for size
(Font)              <8> on input line 140.
LaTeX Font Info:    External font `cmex10' loaded for size
(Font)              <6> on input line 140.


Package hyperref Warning: Token not allowed in a PDF string (PDFDocEncoding):
(hyperref)                removing `math shift' on input line 140.


Package hyperref Warning: Token not allowed in a PDF string (PDFDocEncoding):
(hyperref)                removing `subscript' on input line 140.


Package hyperref Warning: Token not allowed in a PDF string (PDFDocEncoding):
(hyperref)                removing `math shift' on input line 140.

File: C:/Users/huang/workspace/MASG/Output_FI/2020_02_09_10_28_30_AM/CurveInfo/
CO_oil1_daily.png Graphic file (type png)
<use C:/Users/huang/workspace/MASG/Output_FI/2020_02_09_10_28_30_AM/CurveInfo/C
O_oil1_daily.png>
Package pdftex.def Info: C:/Users/huang/workspace/MASG/Output_FI/2020_02_09_10_
28_30_AM/CurveInfo/CO_oil1_daily.png  used on input line 140.
(pdftex.def)             Requested size: 264.46837pt x 176.31746pt.

Underfull \hbox (badness 10000) in alignment at lines 140--140
[][] 
 []

File: ./Picture/Logo.png Graphic file (type png)
<use ./Picture/Logo.png>
Package pdftex.def Info: ./Picture/Logo.png  used on input line 140.
(pdftex.def)             Requested size: 56.9055pt x 20.55377pt.
[4 <C:/Users/huang/workspace/MASG/Output_FI/2020_02_09_10_28_30_AM/CurveInfo/CO
_oil1_daily.png>]

Package hyperref Warning: Token not allowed in a PDF string (PDFDocEncoding):
(hyperref)                removing `math shift' on input line 140.


Package hyperref Warning: Token not allowed in a PDF string (PDFDocEncoding):
(hyperref)                removing `subscript' on input line 140.


Package hyperref Warning: Token not allowed in a PDF string (PDFDocEncoding):
(hyperref)                removing `math shift' on input line 140.

File: C:/Users/huang/workspace/MASG/Output_FI/2020_02_09_10_28_30_AM/CurveInfo/
CO_gold_daily.png Graphic file (type png)
<use C:/Users/huang/workspace/MASG/Output_FI/2020_02_09_10_28_30_AM/CurveInfo/C
O_gold_daily.png>
Package pdftex.def Info: C:/Users/huang/workspace/MASG/Output_FI/2020_02_09_10_
28_30_AM/CurveInfo/CO_gold_daily.png  used on input line 140.
(pdftex.def)             Requested size: 264.46837pt x 176.31746pt.

Underfull \hbox (badness 10000) in alignment at lines 140--140
[][] 
 []

File: ./Picture/Logo.png Graphic file (type png)
<use ./Picture/Logo.png>
Package pdftex.def Info: ./Picture/Logo.png  used on input line 140.
(pdftex.def)             Requested size: 56.9055pt x 20.55377pt.
[5 <C:/Users/huang/workspace/MASG/Output_FI/2020_02_09_10_28_30_AM/CurveInfo/CO
_gold_daily.png>]

Package hyperref Warning: Token not allowed in a PDF string (PDFDocEncoding):
(hyperref)                removing `math shift' on input line 140.


Package hyperref Warning: Token not allowed in a PDF string (PDFDocEncoding):
(hyperref)                removing `subscript' on input line 140.


Package hyperref Warning: Token not allowed in a PDF string (PDFDocEncoding):
(hyperref)                removing `math shift' on input line 140.

File: C:/Users/huang/workspace/MASG/Output_FI/2020_02_09_10_28_30_AM/CurveInfo/
CO_grains_daily.png Graphic file (type png)
<use C:/Users/huang/workspace/MASG/Output_FI/2020_02_09_10_28_30_AM/CurveInfo/C
O_grains_daily.png>
Package pdftex.def Info: C:/Users/huang/workspace/MASG/Output_FI/2020_02_09_10_
28_30_AM/CurveInfo/CO_grains_daily.png  used on input line 140.
(pdftex.def)             Requested size: 264.46837pt x 176.31746pt.

Underfull \hbox (badness 10000) in alignment at lines 140--140
[][] 
 []

File: ./Picture/Logo.png Graphic file (type png)
<use ./Picture/Logo.png>
Package pdftex.def Info: ./Picture/Logo.png  used on input line 140.
(pdftex.def)             Requested size: 56.9055pt x 20.55377pt.
[6 <C:/Users/huang/workspace/MASG/Output_FI/2020_02_09_10_28_30_AM/CurveInfo/CO
_grains_daily.png>]

Package hyperref Warning: Token not allowed in a PDF string (PDFDocEncoding):
(hyperref)                removing `math shift' on input line 140.


Package hyperref Warning: Token not allowed in a PDF string (PDFDocEncoding):
(hyperref)                removing `subscript' on input line 140.


Package hyperref Warning: Token not allowed in a PDF string (PDFDocEncoding):
(hyperref)                removing `math shift' on input line 140.

File: C:/Users/huang/workspace/MASG/Output_FI/2020_02_09_10_28_30_AM/CurveInfo/
CO_silver_daily.png Graphic file (type png)
<use C:/Users/huang/workspace/MASG/Output_FI/2020_02_09_10_28_30_AM/CurveInfo/C
O_silver_daily.png>
Package pdftex.def Info: C:/Users/huang/workspace/MASG/Output_FI/2020_02_09_10_
28_30_AM/CurveInfo/CO_silver_daily.png  used on input line 140.
(pdftex.def)             Requested size: 264.46837pt x 176.31746pt.

Underfull \hbox (badness 10000) in alignment at lines 140--140
[][] 
 []

File: ./Picture/Logo.png Graphic file (type png)
<use ./Picture/Logo.png>
Package pdftex.def Info: ./Picture/Logo.png  used on input line 140.
(pdftex.def)             Requested size: 56.9055pt x 20.55377pt.
[7 <C:/Users/huang/workspace/MASG/Output_FI/2020_02_09_10_28_30_AM/CurveInfo/CO
_silver_daily.png>]

Package hyperref Warning: Token not allowed in a PDF string (PDFDocEncoding):
(hyperref)                removing `math shift' on input line 140.


Package hyperref Warning: Token not allowed in a PDF string (PDFDocEncoding):
(hyperref)                removing `subscript' on input line 140.


Package hyperref Warning: Token not allowed in a PDF string (PDFDocEncoding):
(hyperref)                removing `math shift' on input line 140.

File: C:/Users/huang/workspace/MASG/Output_FI/2020_02_09_10_28_30_AM/CurveInfo/
CO_gasoline_daily.png Graphic file (type png)
<use C:/Users/huang/workspace/MASG/Output_FI/2020_02_09_10_28_30_AM/CurveInfo/C
O_gasoline_daily.png>
Package pdftex.def Info: C:/Users/huang/workspace/MASG/Output_FI/2020_02_09_10_
28_30_AM/CurveInfo/CO_gasoline_daily.png  used on input line 140.
(pdftex.def)             Requested size: 264.46837pt x 176.31746pt.

Underfull \hbox (badness 10000) in alignment at lines 140--140
[][] 
 []

File: ./Picture/Logo.png Graphic file (type png)
<use ./Picture/Logo.png>
Package pdftex.def Info: ./Picture/Logo.png  used on input line 140.
(pdftex.def)             Requested size: 56.9055pt x 20.55377pt.
[8 <C:/Users/huang/workspace/MASG/Output_FI/2020_02_09_10_28_30_AM/CurveInfo/CO
_gasoline_daily.png>]

Package hyperref Warning: Token not allowed in a PDF string (PDFDocEncoding):
(hyperref)                removing `math shift' on input line 140.


Package hyperref Warning: Token not allowed in a PDF string (PDFDocEncoding):
(hyperref)                removing `subscript' on input line 140.


Package hyperref Warning: Token not allowed in a PDF string (PDFDocEncoding):
(hyperref)                removing `subscript' on input line 140.


Package hyperref Warning: Token not allowed in a PDF string (PDFDocEncoding):
(hyperref)                removing `math shift' on input line 140.

File: C:/Users/huang/workspace/MASG/Output_FI/2020_02_09_10_28_30_AM/CurveInfo/
CO_nat_gas_daily.png Graphic file (type png)
<use C:/Users/huang/workspace/MASG/Output_FI/2020_02_09_10_28_30_AM/CurveInfo/C
O_nat_gas_daily.png>
Package pdftex.def Info: C:/Users/huang/workspace/MASG/Output_FI/2020_02_09_10_
28_30_AM/CurveInfo/CO_nat_gas_daily.png  used on input line 140.
(pdftex.def)             Requested size: 264.46837pt x 176.31746pt.

Underfull \hbox (badness 10000) in alignment at lines 140--140
[][] 
 []

File: ./Picture/Logo.png Graphic file (type png)
<use ./Picture/Logo.png>
Package pdftex.def Info: ./Picture/Logo.png  used on input line 140.
(pdftex.def)             Requested size: 56.9055pt x 20.55377pt.
[9 <C:/Users/huang/workspace/MASG/Output_FI/2020_02_09_10_28_30_AM/CurveInfo/CO
_nat_gas_daily.png>]

Package hyperref Warning: Token not allowed in a PDF string (PDFDocEncoding):
(hyperref)                removing `math shift' on input line 140.


Package hyperref Warning: Token not allowed in a PDF string (PDFDocEncoding):
(hyperref)                removing `subscript' on input line 140.


Package hyperref Warning: Token not allowed in a PDF string (PDFDocEncoding):
(hyperref)                removing `math shift' on input line 140.

File: C:/Users/huang/workspace/MASG/Output_FI/2020_02_09_10_28_30_AM/CurveInfo/
CO_oil2_daily.png Graphic file (type png)
<use C:/Users/huang/workspace/MASG/Output_FI/2020_02_09_10_28_30_AM/CurveInfo/C
O_oil2_daily.png>
Package pdftex.def Info: C:/Users/huang/workspace/MASG/Output_FI/2020_02_09_10_
28_30_AM/CurveInfo/CO_oil2_daily.png  used on input line 140.
(pdftex.def)             Requested size: 264.46837pt x 176.31746pt.

Underfull \hbox (badness 10000) in alignment at lines 140--140
[][] 
 []

File: ./Picture/Logo.png Graphic file (type png)
<use ./Picture/Logo.png>
Package pdftex.def Info: ./Picture/Logo.png  used on input line 140.
(pdftex.def)             Requested size: 56.9055pt x 20.55377pt.
[10 <C:/Users/huang/workspace/MASG/Output_FI/2020_02_09_10_28_30_AM/CurveInfo/C
O_oil2_daily.png>]

Package hyperref Warning: Token not allowed in a PDF string (PDFDocEncoding):
(hyperref)                removing `math shift' on input line 140.


Package hyperref Warning: Token not allowed in a PDF string (PDFDocEncoding):
(hyperref)                removing `subscript' on input line 140.


Package hyperref Warning: Token not allowed in a PDF string (PDFDocEncoding):
(hyperref)                removing `subscript' on input line 140.


Package hyperref Warning: Token not allowed in a PDF string (PDFDocEncoding):
(hyperref)                removing `math shift' on input line 140.

File: C:/Users/huang/workspace/MASG/Output_FI/2020_02_09_10_28_30_AM/CurveInfo/
EQ_mid_cap_daily.png Graphic file (type png)
<use C:/Users/huang/workspace/MASG/Output_FI/2020_02_09_10_28_30_AM/CurveInfo/E
Q_mid_cap_daily.png>
Package pdftex.def Info: C:/Users/huang/workspace/MASG/Output_FI/2020_02_09_10_
28_30_AM/CurveInfo/EQ_mid_cap_daily.png  used on input line 140.
(pdftex.def)             Requested size: 264.46837pt x 176.31746pt.

Underfull \hbox (badness 10000) in alignment at lines 140--140
[][] 
 []

File: ./Picture/Logo.png Graphic file (type png)
<use ./Picture/Logo.png>
Package pdftex.def Info: ./Picture/Logo.png  used on input line 140.
(pdftex.def)             Requested size: 56.9055pt x 20.55377pt.
[11 <C:/Users/huang/workspace/MASG/Output_FI/2020_02_09_10_28_30_AM/CurveInfo/E
Q_mid_cap_daily.png>]

Package hyperref Warning: Token not allowed in a PDF string (PDFDocEncoding):
(hyperref)                removing `math shift' on input line 140.


Package hyperref Warning: Token not allowed in a PDF string (PDFDocEncoding):
(hyperref)                removing `subscript' on input line 140.


Package hyperref Warning: Token not allowed in a PDF string (PDFDocEncoding):
(hyperref)                removing `subscript' on input line 140.


Package hyperref Warning: Token not allowed in a PDF string (PDFDocEncoding):
(hyperref)                removing `math shift' on input line 140.

File: C:/Users/huang/workspace/MASG/Output_FI/2020_02_09_10_28_30_AM/CurveInfo/
EQ_small_cap_daily.png Graphic file (type png)
<use C:/Users/huang/workspace/MASG/Output_FI/2020_02_09_10_28_30_AM/CurveInfo/E
Q_small_cap_daily.png>
Package pdftex.def Info: C:/Users/huang/workspace/MASG/Output_FI/2020_02_09_10_
28_30_AM/CurveInfo/EQ_small_cap_daily.png  used on input line 140.
(pdftex.def)             Requested size: 264.46837pt x 176.31746pt.

Underfull \hbox (badness 10000) in alignment at lines 140--140
[][] 
 []

File: ./Picture/Logo.png Graphic file (type png)
<use ./Picture/Logo.png>
Package pdftex.def Info: ./Picture/Logo.png  used on input line 140.
(pdftex.def)             Requested size: 56.9055pt x 20.55377pt.
[12 <C:/Users/huang/workspace/MASG/Output_FI/2020_02_09_10_28_30_AM/CurveInfo/E
Q_small_cap_daily.png>]

Package hyperref Warning: Token not allowed in a PDF string (PDFDocEncoding):
(hyperref)                removing `math shift' on input line 140.


Package hyperref Warning: Token not allowed in a PDF string (PDFDocEncoding):
(hyperref)                removing `subscript' on input line 140.


Package hyperref Warning: Token not allowed in a PDF string (PDFDocEncoding):
(hyperref)                removing `subscript' on input line 140.


Package hyperref Warning: Token not allowed in a PDF string (PDFDocEncoding):
(hyperref)                removing `math shift' on input line 140.

File: C:/Users/huang/workspace/MASG/Output_FI/2020_02_09_10_28_30_AM/CurveInfo/
EQ_deved_intl_daily.png Graphic file (type png)
<use C:/Users/huang/workspace/MASG/Output_FI/2020_02_09_10_28_30_AM/CurveInfo/E
Q_deved_intl_daily.png>
Package pdftex.def Info: C:/Users/huang/workspace/MASG/Output_FI/2020_02_09_10_
28_30_AM/CurveInfo/EQ_deved_intl_daily.png  used on input line 140.
(pdftex.def)             Requested size: 264.46837pt x 176.31746pt.

Underfull \hbox (badness 10000) in alignment at lines 140--140
[][] 
 []

File: ./Picture/Logo.png Graphic file (type png)
<use ./Picture/Logo.png>
Package pdftex.def Info: ./Picture/Logo.png  used on input line 140.
(pdftex.def)             Requested size: 56.9055pt x 20.55377pt.
[13 <C:/Users/huang/workspace/MASG/Output_FI/2020_02_09_10_28_30_AM/CurveInfo/E
Q_deved_intl_daily.png>]

Package hyperref Warning: Token not allowed in a PDF string (PDFDocEncoding):
(hyperref)                removing `math shift' on input line 140.


Package hyperref Warning: Token not allowed in a PDF string (PDFDocEncoding):
(hyperref)                removing `subscript' on input line 140.


Package hyperref Warning: Token not allowed in a PDF string (PDFDocEncoding):
(hyperref)                removing `subscript' on input line 140.


Package hyperref Warning: Token not allowed in a PDF string (PDFDocEncoding):
(hyperref)                removing `math shift' on input line 140.

File: C:/Users/huang/workspace/MASG/Output_FI/2020_02_09_10_28_30_AM/CurveInfo/
EQ_deving_intl_daily.png Graphic file (type png)
<use C:/Users/huang/workspace/MASG/Output_FI/2020_02_09_10_28_30_AM/CurveInfo/E
Q_deving_intl_daily.png>
Package pdftex.def Info: C:/Users/huang/workspace/MASG/Output_FI/2020_02_09_10_
28_30_AM/CurveInfo/EQ_deving_intl_daily.png  used on input line 140.
(pdftex.def)             Requested size: 264.46837pt x 176.31746pt.

Underfull \hbox (badness 10000) in alignment at lines 140--140
[][] 
 []

File: ./Picture/Logo.png Graphic file (type png)
<use ./Picture/Logo.png>
Package pdftex.def Info: ./Picture/Logo.png  used on input line 140.
(pdftex.def)             Requested size: 56.9055pt x 20.55377pt.
[14 <C:/Users/huang/workspace/MASG/Output_FI/2020_02_09_10_28_30_AM/CurveInfo/E
Q_deving_intl_daily.png>]

Package hyperref Warning: Token not allowed in a PDF string (PDFDocEncoding):
(hyperref)                removing `math shift' on input line 140.


Package hyperref Warning: Token not allowed in a PDF string (PDFDocEncoding):
(hyperref)                removing `subscript' on input line 140.


Package hyperref Warning: Token not allowed in a PDF string (PDFDocEncoding):
(hyperref)                removing `subscript' on input line 140.


Package hyperref Warning: Token not allowed in a PDF string (PDFDocEncoding):
(hyperref)                removing `math shift' on input line 140.

File: C:/Users/huang/workspace/MASG/Output_FI/2020_02_09_10_28_30_AM/CurveInfo/
EQ_large_cap_daily.png Graphic file (type png)
<use C:/Users/huang/workspace/MASG/Output_FI/2020_02_09_10_28_30_AM/CurveInfo/E
Q_large_cap_daily.png>
Package pdftex.def Info: C:/Users/huang/workspace/MASG/Output_FI/2020_02_09_10_
28_30_AM/CurveInfo/EQ_large_cap_daily.png  used on input line 140.
(pdftex.def)             Requested size: 264.46837pt x 176.31746pt.

Underfull \hbox (badness 10000) in alignment at lines 140--140
[][] 
 []

File: ./Picture/Logo.png Graphic file (type png)
<use ./Picture/Logo.png>
Package pdftex.def Info: ./Picture/Logo.png  used on input line 140.
(pdftex.def)             Requested size: 56.9055pt x 20.55377pt.
[15 <C:/Users/huang/workspace/MASG/Output_FI/2020_02_09_10_28_30_AM/CurveInfo/E
Q_large_cap_daily.png>]

Package hyperref Warning: Token not allowed in a PDF string (PDFDocEncoding):
(hyperref)                removing `math shift' on input line 140.


Package hyperref Warning: Token not allowed in a PDF string (PDFDocEncoding):
(hyperref)                removing `subscript' on input line 140.


Package hyperref Warning: Token not allowed in a PDF string (PDFDocEncoding):
(hyperref)                removing `subscript' on input line 140.


Package hyperref Warning: Token not allowed in a PDF string (PDFDocEncoding):
(hyperref)                removing `math shift' on input line 140.

File: C:/Users/huang/workspace/MASG/Output_FI/2020_02_09_10_28_30_AM/CurveInfo/
FI_deved_intl_daily.png Graphic file (type png)
<use C:/Users/huang/workspace/MASG/Output_FI/2020_02_09_10_28_30_AM/CurveInfo/F
I_deved_intl_daily.png>
Package pdftex.def Info: C:/Users/huang/workspace/MASG/Output_FI/2020_02_09_10_
28_30_AM/CurveInfo/FI_deved_intl_daily.png  used on input line 140.
(pdftex.def)             Requested size: 264.46837pt x 176.31746pt.

Underfull \hbox (badness 10000) in alignment at lines 140--140
[][] 
 []

File: ./Picture/Logo.png Graphic file (type png)
<use ./Picture/Logo.png>
Package pdftex.def Info: ./Picture/Logo.png  used on input line 140.
(pdftex.def)             Requested size: 56.9055pt x 20.55377pt.
[16 <C:/Users/huang/workspace/MASG/Output_FI/2020_02_09_10_28_30_AM/CurveInfo/F
I_deved_intl_daily.png>]

Package hyperref Warning: Token not allowed in a PDF string (PDFDocEncoding):
(hyperref)                removing `math shift' on input line 140.


Package hyperref Warning: Token not allowed in a PDF string (PDFDocEncoding):
(hyperref)                removing `subscript' on input line 140.


Package hyperref Warning: Token not allowed in a PDF string (PDFDocEncoding):
(hyperref)                removing `subscript' on input line 140.


Package hyperref Warning: Token not allowed in a PDF string (PDFDocEncoding):
(hyperref)                removing `math shift' on input line 140.

File: C:/Users/huang/workspace/MASG/Output_FI/2020_02_09_10_28_30_AM/CurveInfo/
FI_deving_intl_daily.png Graphic file (type png)
<use C:/Users/huang/workspace/MASG/Output_FI/2020_02_09_10_28_30_AM/CurveInfo/F
I_deving_intl_daily.png>
Package pdftex.def Info: C:/Users/huang/workspace/MASG/Output_FI/2020_02_09_10_
28_30_AM/CurveInfo/FI_deving_intl_daily.png  used on input line 140.
(pdftex.def)             Requested size: 264.46837pt x 176.31746pt.

Underfull \hbox (badness 10000) in alignment at lines 140--140
[][] 
 []

File: ./Picture/Logo.png Graphic file (type png)
<use ./Picture/Logo.png>
Package pdftex.def Info: ./Picture/Logo.png  used on input line 140.
(pdftex.def)             Requested size: 56.9055pt x 20.55377pt.
[17 <C:/Users/huang/workspace/MASG/Output_FI/2020_02_09_10_28_30_AM/CurveInfo/F
I_deving_intl_daily.png>]

Package hyperref Warning: Token not allowed in a PDF string (PDFDocEncoding):
(hyperref)                removing `math shift' on input line 140.


Package hyperref Warning: Token not allowed in a PDF string (PDFDocEncoding):
(hyperref)                removing `subscript' on input line 140.


Package hyperref Warning: Token not allowed in a PDF string (PDFDocEncoding):
(hyperref)                removing `math shift' on input line 140.

File: C:/Users/huang/workspace/MASG/Output_FI/2020_02_09_10_28_30_AM/CurveInfo/
FI_HY_daily.png Graphic file (type png)
<use C:/Users/huang/workspace/MASG/Output_FI/2020_02_09_10_28_30_AM/CurveInfo/F
I_HY_daily.png>
Package pdftex.def Info: C:/Users/huang/workspace/MASG/Output_FI/2020_02_09_10_
28_30_AM/CurveInfo/FI_HY_daily.png  used on input line 140.
(pdftex.def)             Requested size: 264.46837pt x 176.31746pt.

Underfull \hbox (badness 10000) in alignment at lines 140--140
[][] 
 []

File: ./Picture/Logo.png Graphic file (type png)
<use ./Picture/Logo.png>
Package pdftex.def Info: ./Picture/Logo.png  used on input line 140.
(pdftex.def)             Requested size: 56.9055pt x 20.55377pt.
[18 <C:/Users/huang/workspace/MASG/Output_FI/2020_02_09_10_28_30_AM/CurveInfo/F
I_HY_daily.png>]

Package hyperref Warning: Token not allowed in a PDF string (PDFDocEncoding):
(hyperref)                removing `math shift' on input line 140.


Package hyperref Warning: Token not allowed in a PDF string (PDFDocEncoding):
(hyperref)                removing `subscript' on input line 140.


Package hyperref Warning: Token not allowed in a PDF string (PDFDocEncoding):
(hyperref)                removing `subscript' on input line 140.


Package hyperref Warning: Token not allowed in a PDF string (PDFDocEncoding):
(hyperref)                removing `math shift' on input line 140.

File: C:/Users/huang/workspace/MASG/Output_FI/2020_02_09_10_28_30_AM/CurveInfo/
FI_IG_mid_daily.png Graphic file (type png)
<use C:/Users/huang/workspace/MASG/Output_FI/2020_02_09_10_28_30_AM/CurveInfo/F
I_IG_mid_daily.png>
Package pdftex.def Info: C:/Users/huang/workspace/MASG/Output_FI/2020_02_09_10_
28_30_AM/CurveInfo/FI_IG_mid_daily.png  used on input line 140.
(pdftex.def)             Requested size: 264.46837pt x 176.31746pt.

Underfull \hbox (badness 10000) in alignment at lines 140--140
[][] 
 []

File: ./Picture/Logo.png Graphic file (type png)
<use ./Picture/Logo.png>
Package pdftex.def Info: ./Picture/Logo.png  used on input line 140.
(pdftex.def)             Requested size: 56.9055pt x 20.55377pt.
[19 <C:/Users/huang/workspace/MASG/Output_FI/2020_02_09_10_28_30_AM/CurveInfo/F
I_IG_mid_daily.png>]

Package hyperref Warning: Token not allowed in a PDF string (PDFDocEncoding):
(hyperref)                removing `math shift' on input line 140.


Package hyperref Warning: Token not allowed in a PDF string (PDFDocEncoding):
(hyperref)                removing `subscript' on input line 140.


Package hyperref Warning: Token not allowed in a PDF string (PDFDocEncoding):
(hyperref)                removing `subscript' on input line 140.


Package hyperref Warning: Token not allowed in a PDF string (PDFDocEncoding):
(hyperref)                removing `math shift' on input line 140.

File: C:/Users/huang/workspace/MASG/Output_FI/2020_02_09_10_28_30_AM/CurveInfo/
FI_IG_long_daily.png Graphic file (type png)
<use C:/Users/huang/workspace/MASG/Output_FI/2020_02_09_10_28_30_AM/CurveInfo/F
I_IG_long_daily.png>
Package pdftex.def Info: C:/Users/huang/workspace/MASG/Output_FI/2020_02_09_10_
28_30_AM/CurveInfo/FI_IG_long_daily.png  used on input line 140.
(pdftex.def)             Requested size: 264.46837pt x 176.31746pt.

Underfull \hbox (badness 10000) in alignment at lines 140--140
[][] 
 []

File: ./Picture/Logo.png Graphic file (type png)
<use ./Picture/Logo.png>
Package pdftex.def Info: ./Picture/Logo.png  used on input line 140.
(pdftex.def)             Requested size: 56.9055pt x 20.55377pt.
[20 <C:/Users/huang/workspace/MASG/Output_FI/2020_02_09_10_28_30_AM/CurveInfo/F
I_IG_long_daily.png>]

Package hyperref Warning: Token not allowed in a PDF string (PDFDocEncoding):
(hyperref)                removing `math shift' on input line 140.


Package hyperref Warning: Token not allowed in a PDF string (PDFDocEncoding):
(hyperref)                removing `subscript' on input line 140.


Package hyperref Warning: Token not allowed in a PDF string (PDFDocEncoding):
(hyperref)                removing `subscript' on input line 140.


Package hyperref Warning: Token not allowed in a PDF string (PDFDocEncoding):
(hyperref)                removing `math shift' on input line 140.

File: C:/Users/huang/workspace/MASG/Output_FI/2020_02_09_10_28_30_AM/CurveInfo/
FI_IG_short_daily.png Graphic file (type png)
<use C:/Users/huang/workspace/MASG/Output_FI/2020_02_09_10_28_30_AM/CurveInfo/F
I_IG_short_daily.png>
Package pdftex.def Info: C:/Users/huang/workspace/MASG/Output_FI/2020_02_09_10_
28_30_AM/CurveInfo/FI_IG_short_daily.png  used on input line 140.
(pdftex.def)             Requested size: 264.46837pt x 176.31746pt.

Underfull \hbox (badness 10000) in alignment at lines 140--140
[][] 
 []

File: ./Picture/Logo.png Graphic file (type png)
<use ./Picture/Logo.png>
Package pdftex.def Info: ./Picture/Logo.png  used on input line 140.
(pdftex.def)             Requested size: 56.9055pt x 20.55377pt.
[21 <C:/Users/huang/workspace/MASG/Output_FI/2020_02_09_10_28_30_AM/CurveInfo/F
I_IG_short_daily.png>]

Package hyperref Warning: Token not allowed in a PDF string (PDFDocEncoding):
(hyperref)                removing `math shift' on input line 140.


Package hyperref Warning: Token not allowed in a PDF string (PDFDocEncoding):
(hyperref)                removing `subscript' on input line 140.


Package hyperref Warning: Token not allowed in a PDF string (PDFDocEncoding):
(hyperref)                removing `subscript' on input line 140.


Package hyperref Warning: Token not allowed in a PDF string (PDFDocEncoding):
(hyperref)                removing `math shift' on input line 140.

File: C:/Users/huang/workspace/MASG/Output_FI/2020_02_09_10_28_30_AM/CurveInfo/
FI_treas_long_daily.png Graphic file (type png)
<use C:/Users/huang/workspace/MASG/Output_FI/2020_02_09_10_28_30_AM/CurveInfo/F
I_treas_long_daily.png>
Package pdftex.def Info: C:/Users/huang/workspace/MASG/Output_FI/2020_02_09_10_
28_30_AM/CurveInfo/FI_treas_long_daily.png  used on input line 140.
(pdftex.def)             Requested size: 264.46837pt x 176.31746pt.

Underfull \hbox (badness 10000) in alignment at lines 140--140
[][] 
 []

File: ./Picture/Logo.png Graphic file (type png)
<use ./Picture/Logo.png>
Package pdftex.def Info: ./Picture/Logo.png  used on input line 140.
(pdftex.def)             Requested size: 56.9055pt x 20.55377pt.
[22 <C:/Users/huang/workspace/MASG/Output_FI/2020_02_09_10_28_30_AM/CurveInfo/F
I_treas_long_daily.png>]

Package hyperref Warning: Token not allowed in a PDF string (PDFDocEncoding):
(hyperref)                removing `math shift' on input line 140.


Package hyperref Warning: Token not allowed in a PDF string (PDFDocEncoding):
(hyperref)                removing `subscript' on input line 140.


Package hyperref Warning: Token not allowed in a PDF string (PDFDocEncoding):
(hyperref)                removing `subscript' on input line 140.


Package hyperref Warning: Token not allowed in a PDF string (PDFDocEncoding):
(hyperref)                removing `math shift' on input line 140.

File: C:/Users/huang/workspace/MASG/Output_FI/2020_02_09_10_28_30_AM/CurveInfo/
FI_treas_short_daily.png Graphic file (type png)
<use C:/Users/huang/workspace/MASG/Output_FI/2020_02_09_10_28_30_AM/CurveInfo/F
I_treas_short_daily.png>
Package pdftex.def Info: C:/Users/huang/workspace/MASG/Output_FI/2020_02_09_10_
28_30_AM/CurveInfo/FI_treas_short_daily.png  used on input line 140.
(pdftex.def)             Requested size: 264.46837pt x 176.31746pt.

Underfull \hbox (badness 10000) in alignment at lines 140--140
[][] 
 []

File: ./Picture/Logo.png Graphic file (type png)
<use ./Picture/Logo.png>
Package pdftex.def Info: ./Picture/Logo.png  used on input line 140.
(pdftex.def)             Requested size: 56.9055pt x 20.55377pt.
[23 <C:/Users/huang/workspace/MASG/Output_FI/2020_02_09_10_28_30_AM/CurveInfo/F
I_treas_short_daily.png>]

Package hyperref Warning: Token not allowed in a PDF string (PDFDocEncoding):
(hyperref)                removing `math shift' on input line 140.


Package hyperref Warning: Token not allowed in a PDF string (PDFDocEncoding):
(hyperref)                removing `subscript' on input line 140.


Package hyperref Warning: Token not allowed in a PDF string (PDFDocEncoding):
(hyperref)                removing `subscript' on input line 140.


Package hyperref Warning: Token not allowed in a PDF string (PDFDocEncoding):
(hyperref)                removing `math shift' on input line 140.


Underfull \hbox (badness 10000) in alignment at lines 140--140
[][] 
 []

File: ./Picture/Logo.png Graphic file (type png)
<use ./Picture/Logo.png>
Package pdftex.def Info: ./Picture/Logo.png  used on input line 140.
(pdftex.def)             Requested size: 56.9055pt x 20.55377pt.
[24]

Package hyperref Warning: Token not allowed in a PDF string (PDFDocEncoding):
(hyperref)                removing `math shift' on input line 140.


Package hyperref Warning: Token not allowed in a PDF string (PDFDocEncoding):
(hyperref)                removing `subscript' on input line 140.


Package hyperref Warning: Token not allowed in a PDF string (PDFDocEncoding):
(hyperref)                removing `subscript' on input line 140.


Package hyperref Warning: Token not allowed in a PDF string (PDFDocEncoding):
(hyperref)                removing `math shift' on input line 140.


Underfull \hbox (badness 10000) in alignment at lines 140--140
[][] 
 []

File: ./Picture/Logo.png Graphic file (type png)
<use ./Picture/Logo.png>
Package pdftex.def Info: ./Picture/Logo.png  used on input line 140.
(pdftex.def)             Requested size: 56.9055pt x 20.55377pt.
[25]

Package hyperref Warning: Token not allowed in a PDF string (PDFDocEncoding):
(hyperref)                removing `math shift' on input line 140.


Package hyperref Warning: Token not allowed in a PDF string (PDFDocEncoding):
(hyperref)                removing `subscript' on input line 140.


Package hyperref Warning: Token not allowed in a PDF string (PDFDocEncoding):
(hyperref)                removing `subscript' on input line 140.


Package hyperref Warning: Token not allowed in a PDF string (PDFDocEncoding):
(hyperref)                removing `math shift' on input line 140.


Underfull \hbox (badness 10000) in alignment at lines 140--140
[][] 
 []

File: ./Picture/Logo.png Graphic file (type png)
<use ./Picture/Logo.png>
Package pdftex.def Info: ./Picture/Logo.png  used on input line 140.
(pdftex.def)             Requested size: 56.9055pt x 20.55377pt.
[26]

Package hyperref Warning: Token not allowed in a PDF string (PDFDocEncoding):
(hyperref)                removing `math shift' on input line 140.


Package hyperref Warning: Token not allowed in a PDF string (PDFDocEncoding):
(hyperref)                removing `subscript' on input line 140.


Package hyperref Warning: Token not allowed in a PDF string (PDFDocEncoding):
(hyperref)                removing `subscript' on input line 140.


Package hyperref Warning: Token not allowed in a PDF string (PDFDocEncoding):
(hyperref)                removing `math shift' on input line 140.


Underfull \hbox (badness 10000) in alignment at lines 140--140
[][] 
 []

File: ./Picture/Logo.png Graphic file (type png)
<use ./Picture/Logo.png>
Package pdftex.def Info: ./Picture/Logo.png  used on input line 140.
(pdftex.def)             Requested size: 56.9055pt x 20.55377pt.
[27]

Package hyperref Warning: Token not allowed in a PDF string (PDFDocEncoding):
(hyperref)                removing `math shift' on input line 140.


Package hyperref Warning: Token not allowed in a PDF string (PDFDocEncoding):
(hyperref)                removing `subscript' on input line 140.


Package hyperref Warning: Token not allowed in a PDF string (PDFDocEncoding):
(hyperref)                removing `subscript' on input line 140.


Package hyperref Warning: Token not allowed in a PDF string (PDFDocEncoding):
(hyperref)                removing `math shift' on input line 140.


Underfull \hbox (badness 10000) in alignment at lines 140--140
[][] 
 []

File: ./Picture/Logo.png Graphic file (type png)
<use ./Picture/Logo.png>
Package pdftex.def Info: ./Picture/Logo.png  used on input line 140.
(pdftex.def)             Requested size: 56.9055pt x 20.55377pt.
[28]

Package hyperref Warning: Token not allowed in a PDF string (PDFDocEncoding):
(hyperref)                removing `math shift' on input line 140.


Package hyperref Warning: Token not allowed in a PDF string (PDFDocEncoding):
(hyperref)                removing `subscript' on input line 140.


Package hyperref Warning: Token not allowed in a PDF string (PDFDocEncoding):
(hyperref)                removing `subscript' on input line 140.


Package hyperref Warning: Token not allowed in a PDF string (PDFDocEncoding):
(hyperref)                removing `math shift' on input line 140.


Underfull \hbox (badness 10000) in alignment at lines 140--140
[][] 
 []

File: ./Picture/Logo.png Graphic file (type png)
<use ./Picture/Logo.png>
Package pdftex.def Info: ./Picture/Logo.png  used on input line 140.
(pdftex.def)             Requested size: 56.9055pt x 20.55377pt.
[29]

Package hyperref Warning: Token not allowed in a PDF string (PDFDocEncoding):
(hyperref)                removing `math shift' on input line 140.


Package hyperref Warning: Token not allowed in a PDF string (PDFDocEncoding):
(hyperref)                removing `subscript' on input line 140.


Package hyperref Warning: Token not allowed in a PDF string (PDFDocEncoding):
(hyperref)                removing `subscript' on input line 140.


Package hyperref Warning: Token not allowed in a PDF string (PDFDocEncoding):
(hyperref)                removing `math shift' on input line 140.


Underfull \hbox (badness 10000) in alignment at lines 140--140
[][] 
 []

File: ./Picture/Logo.png Graphic file (type png)
<use ./Picture/Logo.png>
Package pdftex.def Info: ./Picture/Logo.png  used on input line 140.
(pdftex.def)             Requested size: 56.9055pt x 20.55377pt.
[30]

Package hyperref Warning: Token not allowed in a PDF string (PDFDocEncoding):
(hyperref)                removing `math shift' on input line 140.


Package hyperref Warning: Token not allowed in a PDF string (PDFDocEncoding):
(hyperref)                removing `subscript' on input line 140.


Package hyperref Warning: Token not allowed in a PDF string (PDFDocEncoding):
(hyperref)                removing `math shift' on input line 140.


Underfull \hbox (badness 10000) in alignment at lines 140--140
[][] 
 []

File: ./Picture/Logo.png Graphic file (type png)
<use ./Picture/Logo.png>
Package pdftex.def Info: ./Picture/Logo.png  used on input line 140.
(pdftex.def)             Requested size: 56.9055pt x 20.55377pt.
[31]

Package hyperref Warning: Token not allowed in a PDF string (PDFDocEncoding):
(hyperref)                removing `math shift' on input line 140.


Package hyperref Warning: Token not allowed in a PDF string (PDFDocEncoding):
(hyperref)                removing `subscript' on input line 140.


Package hyperref Warning: Token not allowed in a PDF string (PDFDocEncoding):
(hyperref)                removing `math shift' on input line 140.


Underfull \hbox (badness 10000) in alignment at lines 140--140
[][] 
 []

File: ./Picture/Logo.png Graphic file (type png)
<use ./Picture/Logo.png>
Package pdftex.def Info: ./Picture/Logo.png  used on input line 140.
(pdftex.def)             Requested size: 56.9055pt x 20.55377pt.
[32]

Package hyperref Warning: Token not allowed in a PDF string (PDFDocEncoding):
(hyperref)                removing `math shift' on input line 140.


Package hyperref Warning: Token not allowed in a PDF string (PDFDocEncoding):
(hyperref)                removing `subscript' on input line 140.


Package hyperref Warning: Token not allowed in a PDF string (PDFDocEncoding):
(hyperref)                removing `math shift' on input line 140.


Underfull \hbox (badness 10000) in alignment at lines 140--140
[][] 
 []

File: ./Picture/Logo.png Graphic file (type png)
<use ./Picture/Logo.png>
Package pdftex.def Info: ./Picture/Logo.png  used on input line 140.
(pdftex.def)             Requested size: 56.9055pt x 20.55377pt.
[33]
Package atveryend Info: Empty hook `BeforeClearDocument' on input line 141.
Package atveryend Info: Empty hook `AfterLastShipout' on input line 141.
 (ACInfo_document.aux)
Package atveryend Info: Executing hook `AtVeryEndDocument' on input line 141.
Package atveryend Info: Executing hook `AtEndAfterFileList' on input line 141.
Package rerunfilecheck Info: File `ACInfo_document.out' has not changed.
(rerunfilecheck)             Checksum: 5A1E28422BCBEDEA793ACD02FBE21B64;2216.
Package atveryend Info: Empty hook `AtVeryVeryEnd' on input line 141.
 ) 
Here is how much of TeX's memory you used:
 16317 strings out of 493308
 315566 string characters out of 3138769
 380702 words of memory out of 3000000
 19351 multiletter control sequences out of 15000+200000
 8503 words of font info for 30 fonts, out of 3000000 for 9000
 1141 hyphenation exceptions out of 8191
 55i,17n,54p,453b,573s stack positions out of 5000i,500n,10000p,200000b,50000s
<C:/Program Files/MiKTeX 2.9/fonts/type1/public/amsfonts/cm/cmbx10.pfb><C:/Pr
ogram Files/MiKTeX 2.9/fonts/type1/public/amsfonts/cm/cmbx12.pfb><C:/Program Fi
les/MiKTeX 2.9/fonts/type1/public/amsfonts/cm/cmmi10.pfb><C:/Program Files/MiKT
eX 2.9/fonts/type1/public/amsfonts/cm/cmmi12.pfb><C:/Program Files/MiKTeX 2.9/f
onts/type1/public/amsfonts/cm/cmmi7.pfb><C:/Program Files/MiKTeX 2.9/fonts/type
1/public/amsfonts/cm/cmmi8.pfb><C:/Program Files/MiKTeX 2.9/fonts/type1/public/
amsfonts/cm/cmr10.pfb><C:/Program Files/MiKTeX 2.9/fonts/type1/public/amsfonts/
cm/cmr12.pfb>
Output written on ACInfo_document.pdf (33 pages, 883671 bytes).
PDF statistics:
 402 PDF objects out of 1000 (max. 8388607)
 68 named destinations out of 1000 (max. 500000)
 379 words of extra memory for PDF output out of 10000 (max. 10000000)

