\BOOKMARK [1][-]{section.1}{Independent Variables}{}% 1
\BOOKMARK [2][-]{subsection.1.1}{Summary of Independent Variables}{section.1}% 2
\BOOKMARK [2][-]{subsection.1.2}{Independent Variable: RPI}{section.1}% 3
\BOOKMARK [2][-]{subsection.1.3}{Independent Variable: W875RX1}{section.1}% 4
\BOOKMARK [2][-]{subsection.1.4}{Independent Variable: DPCERA3M086SBEA}{section.1}% 5
\BOOKMARK [2][-]{subsection.1.5}{Independent Variable: CMRMTSPL}{section.1}% 6
\BOOKMARK [2][-]{subsection.1.6}{Independent Variable: INDPRO}{section.1}% 7
\BOOKMARK [2][-]{subsection.1.7}{Independent Variable: IPFPNSS}{section.1}% 8
\BOOKMARK [2][-]{subsection.1.8}{Independent Variable: IPFINAL}{section.1}% 9
\BOOKMARK [2][-]{subsection.1.9}{Independent Variable: IPCONGD}{section.1}% 10
\BOOKMARK [2][-]{subsection.1.10}{Independent Variable: IPDCONGD}{section.1}% 11
\BOOKMARK [2][-]{subsection.1.11}{Independent Variable: IPNCONGD}{section.1}% 12
\BOOKMARK [2][-]{subsection.1.12}{Independent Variable: IPBUSEQ}{section.1}% 13
\BOOKMARK [2][-]{subsection.1.13}{Independent Variable: IPMAT}{section.1}% 14
\BOOKMARK [2][-]{subsection.1.14}{Independent Variable: IPDMAT}{section.1}% 15
\BOOKMARK [2][-]{subsection.1.15}{Independent Variable: IPNMAT}{section.1}% 16
\BOOKMARK [2][-]{subsection.1.16}{Independent Variable: IPMANSICS}{section.1}% 17
\BOOKMARK [2][-]{subsection.1.17}{Independent Variable: IPB51222S}{section.1}% 18
\BOOKMARK [2][-]{subsection.1.18}{Independent Variable: IPFUELS}{section.1}% 19
\BOOKMARK [2][-]{subsection.1.19}{Independent Variable: CUMFNS}{section.1}% 20
\BOOKMARK [2][-]{subsection.1.20}{Independent Variable: CLF16OV}{section.1}% 21
\BOOKMARK [2][-]{subsection.1.21}{Independent Variable: CE16OV}{section.1}% 22
\BOOKMARK [2][-]{subsection.1.22}{Independent Variable: UNRATE}{section.1}% 23
\BOOKMARK [2][-]{subsection.1.23}{Independent Variable: UEMPMEAN}{section.1}% 24
\BOOKMARK [2][-]{subsection.1.24}{Independent Variable: UEMPLT5}{section.1}% 25
\BOOKMARK [2][-]{subsection.1.25}{Independent Variable: UEMP5TO14}{section.1}% 26
\BOOKMARK [2][-]{subsection.1.26}{Independent Variable: UEMP15OV}{section.1}% 27
\BOOKMARK [2][-]{subsection.1.27}{Independent Variable: UEMP15T26}{section.1}% 28
\BOOKMARK [2][-]{subsection.1.28}{Independent Variable: UEMP27OV}{section.1}% 29
\BOOKMARK [2][-]{subsection.1.29}{Independent Variable: PAYEMS}{section.1}% 30
\BOOKMARK [2][-]{subsection.1.30}{Independent Variable: USGOOD}{section.1}% 31
\BOOKMARK [2][-]{subsection.1.31}{Independent Variable: CES1021000001}{section.1}% 32
\BOOKMARK [2][-]{subsection.1.32}{Independent Variable: USCONS}{section.1}% 33
\BOOKMARK [2][-]{subsection.1.33}{Independent Variable: MANEMP}{section.1}% 34
\BOOKMARK [2][-]{subsection.1.34}{Independent Variable: DMANEMP}{section.1}% 35
\BOOKMARK [2][-]{subsection.1.35}{Independent Variable: SRVPRD}{section.1}% 36
\BOOKMARK [2][-]{subsection.1.36}{Independent Variable: USWTRADE}{section.1}% 37
\BOOKMARK [2][-]{subsection.1.37}{Independent Variable: USTRADE}{section.1}% 38
\BOOKMARK [2][-]{subsection.1.38}{Independent Variable: USFIRE}{section.1}% 39
\BOOKMARK [2][-]{subsection.1.39}{Independent Variable: USGOVT}{section.1}% 40
\BOOKMARK [2][-]{subsection.1.40}{Independent Variable: CES0600000007}{section.1}% 41
\BOOKMARK [2][-]{subsection.1.41}{Independent Variable: AWOTMAN}{section.1}% 42
\BOOKMARK [2][-]{subsection.1.42}{Independent Variable: AWHMAN}{section.1}% 43
\BOOKMARK [2][-]{subsection.1.43}{Independent Variable: HOUST}{section.1}% 44
\BOOKMARK [2][-]{subsection.1.44}{Independent Variable: HOUSTNE}{section.1}% 45
\BOOKMARK [2][-]{subsection.1.45}{Independent Variable: HOUSTMW}{section.1}% 46
\BOOKMARK [2][-]{subsection.1.46}{Independent Variable: HOUSTS}{section.1}% 47
\BOOKMARK [2][-]{subsection.1.47}{Independent Variable: HOUSTW}{section.1}% 48
\BOOKMARK [2][-]{subsection.1.48}{Independent Variable: ISRATIO}{section.1}% 49
\BOOKMARK [2][-]{subsection.1.49}{Independent Variable: M1SL}{section.1}% 50
\BOOKMARK [2][-]{subsection.1.50}{Independent Variable: M2SL}{section.1}% 51
\BOOKMARK [2][-]{subsection.1.51}{Independent Variable: M2REAL}{section.1}% 52
\BOOKMARK [2][-]{subsection.1.52}{Independent Variable: AMBSL}{section.1}% 53
\BOOKMARK [2][-]{subsection.1.53}{Independent Variable: BUSLOANS}{section.1}% 54
\BOOKMARK [2][-]{subsection.1.54}{Independent Variable: REALLN}{section.1}% 55
\BOOKMARK [2][-]{subsection.1.55}{Independent Variable: WPSFD49207}{section.1}% 56
\BOOKMARK [2][-]{subsection.1.56}{Independent Variable: WPSFD49502}{section.1}% 57
\BOOKMARK [2][-]{subsection.1.57}{Independent Variable: WPSID61}{section.1}% 58
\BOOKMARK [2][-]{subsection.1.58}{Independent Variable: WPSID62}{section.1}% 59
\BOOKMARK [2][-]{subsection.1.59}{Independent Variable: MZMSL}{section.1}% 60
\BOOKMARK [2][-]{subsection.1.60}{Independent Variable: DTCOLNVHFNM}{section.1}% 61
\BOOKMARK [2][-]{subsection.1.61}{Independent Variable: DTCTHFNM}{section.1}% 62
\BOOKMARK [2][-]{subsection.1.62}{Independent Variable: INVEST}{section.1}% 63
\BOOKMARK [2][-]{subsection.1.63}{Independent Variable: ismmanempl}{section.1}% 64
\BOOKMARK [2][-]{subsection.1.64}{Independent Variable: ismmanneworders}{section.1}% 65
\BOOKMARK [2][-]{subsection.1.65}{Independent Variable: ismmanpmi}{section.1}% 66
\BOOKMARK [2][-]{subsection.1.66}{Independent Variable: ismmanprices}{section.1}% 67
\BOOKMARK [2][-]{subsection.1.67}{Independent Variable: USGG2YRIndex}{section.1}% 68
\BOOKMARK [2][-]{subsection.1.68}{Independent Variable: USGG10YRIndex}{section.1}% 69
\BOOKMARK [2][-]{subsection.1.69}{Independent Variable: USGG30YRIndex}{section.1}% 70
\BOOKMARK [2][-]{subsection.1.70}{Independent Variable: VIXIndex}{section.1}% 71
\BOOKMARK [2][-]{subsection.1.71}{Independent Variable: MOVEIndex}{section.1}% 72
\BOOKMARK [2][-]{subsection.1.72}{Independent Variable: AAIIBULLIndex}{section.1}% 73
\BOOKMARK [2][-]{subsection.1.73}{Independent Variable: AAIIBEARIndex}{section.1}% 74
\BOOKMARK [2][-]{subsection.1.74}{Independent Variable: SPXIndex14DRSI}{section.1}% 75
\BOOKMARK [2][-]{subsection.1.75}{Independent Variable: SPXIndex30DRSI}{section.1}% 76
\BOOKMARK [2][-]{subsection.1.76}{Independent Variable: TEDGIndex}{section.1}% 77
\BOOKMARK [2][-]{subsection.1.77}{Independent Variable: BAA10YBIndex}{section.1}% 78
