\BOOKMARK [1][-]{section.1}{Asset Classes}{}% 1
\BOOKMARK [2][-]{subsection.1.1}{Summary of Asset Classes}{section.1}% 2
\BOOKMARK [2][-]{subsection.1.2}{History: EQlargecap}{section.1}% 3
\BOOKMARK [2][-]{subsection.1.3}{History: EQmidcap}{section.1}% 4
\BOOKMARK [2][-]{subsection.1.4}{History: EQsmallcap}{section.1}% 5
\BOOKMARK [2][-]{subsection.1.5}{History: EQdevedintl}{section.1}% 6
\BOOKMARK [2][-]{subsection.1.6}{History: EQdevingintl}{section.1}% 7
\BOOKMARK [1][-]{section.2}{Clusters Analysis of Asset Classes}{}% 8
\BOOKMARK [2][-]{subsection.2.1}{Asset Class: Equity}{section.2}% 9
\BOOKMARK [1][-]{section.3}{PCA for Clusters}{}% 10
\BOOKMARK [2][-]{subsection.3.1}{Cluster: EQlargecap}{section.3}% 11
\BOOKMARK [2][-]{subsection.3.2}{Cluster: EQmidcap}{section.3}% 12
\BOOKMARK [2][-]{subsection.3.3}{Cluster: EQsmallcap}{section.3}% 13
\BOOKMARK [2][-]{subsection.3.4}{Cluster: EQdevedintl}{section.3}% 14
\BOOKMARK [2][-]{subsection.3.5}{Cluster: EQdevingintl}{section.3}% 15
\BOOKMARK [1][-]{section.4}{Variable Selection}{}% 16
\BOOKMARK [2][-]{subsection.4.1}{Single Factor Model for EQlargecap}{section.4}% 17
\BOOKMARK [3][-]{subsubsection.4.1.1}{Model - 1}{subsection.4.1}% 18
\BOOKMARK [3][-]{subsubsection.4.1.2}{Model - 2}{subsection.4.1}% 19
\BOOKMARK [3][-]{subsubsection.4.1.3}{Model - 3}{subsection.4.1}% 20
\BOOKMARK [3][-]{subsubsection.4.1.4}{Model - 4}{subsection.4.1}% 21
\BOOKMARK [3][-]{subsubsection.4.1.5}{Model - 5}{subsection.4.1}% 22
\BOOKMARK [3][-]{subsubsection.4.1.6}{Model - 6}{subsection.4.1}% 23
\BOOKMARK [3][-]{subsubsection.4.1.7}{Model - 7}{subsection.4.1}% 24
\BOOKMARK [3][-]{subsubsection.4.1.8}{Model - 8}{subsection.4.1}% 25
\BOOKMARK [3][-]{subsubsection.4.1.9}{Model - 9}{subsection.4.1}% 26
\BOOKMARK [3][-]{subsubsection.4.1.10}{Model - 10}{subsection.4.1}% 27
\BOOKMARK [3][-]{subsubsection.4.1.11}{Model - 11}{subsection.4.1}% 28
\BOOKMARK [3][-]{subsubsection.4.1.12}{Model - 12}{subsection.4.1}% 29
\BOOKMARK [3][-]{subsubsection.4.1.13}{Model - 13}{subsection.4.1}% 30
\BOOKMARK [3][-]{subsubsection.4.1.14}{Model - 14}{subsection.4.1}% 31
\BOOKMARK [3][-]{subsubsection.4.1.15}{Model - 15}{subsection.4.1}% 32
\BOOKMARK [3][-]{subsubsection.4.1.16}{Model - 16}{subsection.4.1}% 33
\BOOKMARK [3][-]{subsubsection.4.1.17}{Model - 17}{subsection.4.1}% 34
\BOOKMARK [3][-]{subsubsection.4.1.18}{Model - 18}{subsection.4.1}% 35
\BOOKMARK [3][-]{subsubsection.4.1.19}{Model - 19}{subsection.4.1}% 36
\BOOKMARK [3][-]{subsubsection.4.1.20}{Model - 20}{subsection.4.1}% 37
\BOOKMARK [3][-]{subsubsection.4.1.21}{Model - 21}{subsection.4.1}% 38
\BOOKMARK [3][-]{subsubsection.4.1.22}{Model - 22}{subsection.4.1}% 39
\BOOKMARK [3][-]{subsubsection.4.1.23}{Model - 23}{subsection.4.1}% 40
\BOOKMARK [3][-]{subsubsection.4.1.24}{Model - 24}{subsection.4.1}% 41
\BOOKMARK [3][-]{subsubsection.4.1.25}{Model - 25}{subsection.4.1}% 42
\BOOKMARK [3][-]{subsubsection.4.1.26}{Model - 26}{subsection.4.1}% 43
\BOOKMARK [2][-]{subsection.4.2}{Two Factor Model for EQlargecap}{section.4}% 44
\BOOKMARK [3][-]{subsubsection.4.2.1}{Model - 1}{subsection.4.2}% 45
\BOOKMARK [3][-]{subsubsection.4.2.2}{Model - 2}{subsection.4.2}% 46
\BOOKMARK [3][-]{subsubsection.4.2.3}{Model - 3}{subsection.4.2}% 47
\BOOKMARK [3][-]{subsubsection.4.2.4}{Model - 4}{subsection.4.2}% 48
\BOOKMARK [3][-]{subsubsection.4.2.5}{Model - 5}{subsection.4.2}% 49
\BOOKMARK [3][-]{subsubsection.4.2.6}{Model - 6}{subsection.4.2}% 50
\BOOKMARK [3][-]{subsubsection.4.2.7}{Model - 7}{subsection.4.2}% 51
\BOOKMARK [3][-]{subsubsection.4.2.8}{Model - 8}{subsection.4.2}% 52
\BOOKMARK [3][-]{subsubsection.4.2.9}{Model - 9}{subsection.4.2}% 53
\BOOKMARK [3][-]{subsubsection.4.2.10}{Model - 10}{subsection.4.2}% 54
\BOOKMARK [3][-]{subsubsection.4.2.11}{Model - 11}{subsection.4.2}% 55
\BOOKMARK [3][-]{subsubsection.4.2.12}{Model - 12}{subsection.4.2}% 56
\BOOKMARK [3][-]{subsubsection.4.2.13}{Model - 13}{subsection.4.2}% 57
\BOOKMARK [3][-]{subsubsection.4.2.14}{Model - 14}{subsection.4.2}% 58
\BOOKMARK [3][-]{subsubsection.4.2.15}{Model - 15}{subsection.4.2}% 59
\BOOKMARK [3][-]{subsubsection.4.2.16}{Model - 16}{subsection.4.2}% 60
\BOOKMARK [3][-]{subsubsection.4.2.17}{Model - 17}{subsection.4.2}% 61
\BOOKMARK [3][-]{subsubsection.4.2.18}{Model - 18}{subsection.4.2}% 62
\BOOKMARK [3][-]{subsubsection.4.2.19}{Model - 19}{subsection.4.2}% 63
\BOOKMARK [3][-]{subsubsection.4.2.20}{Model - 20}{subsection.4.2}% 64
\BOOKMARK [3][-]{subsubsection.4.2.21}{Model - 21}{subsection.4.2}% 65
\BOOKMARK [3][-]{subsubsection.4.2.22}{Model - 22}{subsection.4.2}% 66
\BOOKMARK [3][-]{subsubsection.4.2.23}{Model - 23}{subsection.4.2}% 67
\BOOKMARK [3][-]{subsubsection.4.2.24}{Model - 24}{subsection.4.2}% 68
\BOOKMARK [3][-]{subsubsection.4.2.25}{Model - 25}{subsection.4.2}% 69
\BOOKMARK [3][-]{subsubsection.4.2.26}{Model - 26}{subsection.4.2}% 70
\BOOKMARK [3][-]{subsubsection.4.2.27}{Model - 27}{subsection.4.2}% 71
\BOOKMARK [3][-]{subsubsection.4.2.28}{Model - 28}{subsection.4.2}% 72
\BOOKMARK [3][-]{subsubsection.4.2.29}{Model - 29}{subsection.4.2}% 73
\BOOKMARK [3][-]{subsubsection.4.2.30}{Model - 30}{subsection.4.2}% 74
\BOOKMARK [2][-]{subsection.4.3}{Single Factor Model for EQmidcap}{section.4}% 75
\BOOKMARK [3][-]{subsubsection.4.3.1}{Model - 1}{subsection.4.3}% 76
\BOOKMARK [3][-]{subsubsection.4.3.2}{Model - 2}{subsection.4.3}% 77
\BOOKMARK [3][-]{subsubsection.4.3.3}{Model - 3}{subsection.4.3}% 78
\BOOKMARK [3][-]{subsubsection.4.3.4}{Model - 4}{subsection.4.3}% 79
\BOOKMARK [3][-]{subsubsection.4.3.5}{Model - 5}{subsection.4.3}% 80
\BOOKMARK [3][-]{subsubsection.4.3.6}{Model - 6}{subsection.4.3}% 81
\BOOKMARK [3][-]{subsubsection.4.3.7}{Model - 7}{subsection.4.3}% 82
\BOOKMARK [3][-]{subsubsection.4.3.8}{Model - 8}{subsection.4.3}% 83
\BOOKMARK [3][-]{subsubsection.4.3.9}{Model - 9}{subsection.4.3}% 84
\BOOKMARK [3][-]{subsubsection.4.3.10}{Model - 10}{subsection.4.3}% 85
\BOOKMARK [3][-]{subsubsection.4.3.11}{Model - 11}{subsection.4.3}% 86
\BOOKMARK [3][-]{subsubsection.4.3.12}{Model - 12}{subsection.4.3}% 87
\BOOKMARK [3][-]{subsubsection.4.3.13}{Model - 13}{subsection.4.3}% 88
\BOOKMARK [3][-]{subsubsection.4.3.14}{Model - 14}{subsection.4.3}% 89
\BOOKMARK [3][-]{subsubsection.4.3.15}{Model - 15}{subsection.4.3}% 90
\BOOKMARK [3][-]{subsubsection.4.3.16}{Model - 16}{subsection.4.3}% 91
\BOOKMARK [3][-]{subsubsection.4.3.17}{Model - 17}{subsection.4.3}% 92
\BOOKMARK [3][-]{subsubsection.4.3.18}{Model - 18}{subsection.4.3}% 93
\BOOKMARK [3][-]{subsubsection.4.3.19}{Model - 19}{subsection.4.3}% 94
\BOOKMARK [3][-]{subsubsection.4.3.20}{Model - 20}{subsection.4.3}% 95
\BOOKMARK [3][-]{subsubsection.4.3.21}{Model - 21}{subsection.4.3}% 96
\BOOKMARK [3][-]{subsubsection.4.3.22}{Model - 22}{subsection.4.3}% 97
\BOOKMARK [3][-]{subsubsection.4.3.23}{Model - 23}{subsection.4.3}% 98
\BOOKMARK [3][-]{subsubsection.4.3.24}{Model - 24}{subsection.4.3}% 99
\BOOKMARK [3][-]{subsubsection.4.3.25}{Model - 25}{subsection.4.3}% 100
\BOOKMARK [3][-]{subsubsection.4.3.26}{Model - 26}{subsection.4.3}% 101
\BOOKMARK [3][-]{subsubsection.4.3.27}{Model - 27}{subsection.4.3}% 102
\BOOKMARK [3][-]{subsubsection.4.3.28}{Model - 28}{subsection.4.3}% 103
\BOOKMARK [3][-]{subsubsection.4.3.29}{Model - 29}{subsection.4.3}% 104
\BOOKMARK [3][-]{subsubsection.4.3.30}{Model - 30}{subsection.4.3}% 105
\BOOKMARK [2][-]{subsection.4.4}{Two Factor Model for EQmidcap}{section.4}% 106
\BOOKMARK [3][-]{subsubsection.4.4.1}{Model - 1}{subsection.4.4}% 107
\BOOKMARK [3][-]{subsubsection.4.4.2}{Model - 2}{subsection.4.4}% 108
\BOOKMARK [3][-]{subsubsection.4.4.3}{Model - 3}{subsection.4.4}% 109
\BOOKMARK [3][-]{subsubsection.4.4.4}{Model - 4}{subsection.4.4}% 110
\BOOKMARK [3][-]{subsubsection.4.4.5}{Model - 5}{subsection.4.4}% 111
\BOOKMARK [3][-]{subsubsection.4.4.6}{Model - 6}{subsection.4.4}% 112
\BOOKMARK [3][-]{subsubsection.4.4.7}{Model - 7}{subsection.4.4}% 113
\BOOKMARK [3][-]{subsubsection.4.4.8}{Model - 8}{subsection.4.4}% 114
\BOOKMARK [3][-]{subsubsection.4.4.9}{Model - 9}{subsection.4.4}% 115
\BOOKMARK [3][-]{subsubsection.4.4.10}{Model - 10}{subsection.4.4}% 116
\BOOKMARK [3][-]{subsubsection.4.4.11}{Model - 11}{subsection.4.4}% 117
\BOOKMARK [3][-]{subsubsection.4.4.12}{Model - 12}{subsection.4.4}% 118
\BOOKMARK [3][-]{subsubsection.4.4.13}{Model - 13}{subsection.4.4}% 119
\BOOKMARK [3][-]{subsubsection.4.4.14}{Model - 14}{subsection.4.4}% 120
\BOOKMARK [3][-]{subsubsection.4.4.15}{Model - 15}{subsection.4.4}% 121
\BOOKMARK [3][-]{subsubsection.4.4.16}{Model - 16}{subsection.4.4}% 122
\BOOKMARK [3][-]{subsubsection.4.4.17}{Model - 17}{subsection.4.4}% 123
\BOOKMARK [3][-]{subsubsection.4.4.18}{Model - 18}{subsection.4.4}% 124
\BOOKMARK [3][-]{subsubsection.4.4.19}{Model - 19}{subsection.4.4}% 125
\BOOKMARK [3][-]{subsubsection.4.4.20}{Model - 20}{subsection.4.4}% 126
\BOOKMARK [3][-]{subsubsection.4.4.21}{Model - 21}{subsection.4.4}% 127
\BOOKMARK [3][-]{subsubsection.4.4.22}{Model - 22}{subsection.4.4}% 128
\BOOKMARK [3][-]{subsubsection.4.4.23}{Model - 23}{subsection.4.4}% 129
\BOOKMARK [3][-]{subsubsection.4.4.24}{Model - 24}{subsection.4.4}% 130
\BOOKMARK [3][-]{subsubsection.4.4.25}{Model - 25}{subsection.4.4}% 131
\BOOKMARK [3][-]{subsubsection.4.4.26}{Model - 26}{subsection.4.4}% 132
\BOOKMARK [3][-]{subsubsection.4.4.27}{Model - 27}{subsection.4.4}% 133
\BOOKMARK [3][-]{subsubsection.4.4.28}{Model - 28}{subsection.4.4}% 134
\BOOKMARK [3][-]{subsubsection.4.4.29}{Model - 29}{subsection.4.4}% 135
\BOOKMARK [3][-]{subsubsection.4.4.30}{Model - 30}{subsection.4.4}% 136
\BOOKMARK [2][-]{subsection.4.5}{Single Factor Model for EQsmallcap}{section.4}% 137
\BOOKMARK [3][-]{subsubsection.4.5.1}{Model - 1}{subsection.4.5}% 138
\BOOKMARK [3][-]{subsubsection.4.5.2}{Model - 2}{subsection.4.5}% 139
\BOOKMARK [3][-]{subsubsection.4.5.3}{Model - 3}{subsection.4.5}% 140
\BOOKMARK [3][-]{subsubsection.4.5.4}{Model - 4}{subsection.4.5}% 141
\BOOKMARK [3][-]{subsubsection.4.5.5}{Model - 5}{subsection.4.5}% 142
\BOOKMARK [3][-]{subsubsection.4.5.6}{Model - 6}{subsection.4.5}% 143
\BOOKMARK [3][-]{subsubsection.4.5.7}{Model - 7}{subsection.4.5}% 144
\BOOKMARK [3][-]{subsubsection.4.5.8}{Model - 8}{subsection.4.5}% 145
\BOOKMARK [3][-]{subsubsection.4.5.9}{Model - 9}{subsection.4.5}% 146
\BOOKMARK [3][-]{subsubsection.4.5.10}{Model - 10}{subsection.4.5}% 147
\BOOKMARK [3][-]{subsubsection.4.5.11}{Model - 11}{subsection.4.5}% 148
\BOOKMARK [3][-]{subsubsection.4.5.12}{Model - 12}{subsection.4.5}% 149
\BOOKMARK [3][-]{subsubsection.4.5.13}{Model - 13}{subsection.4.5}% 150
\BOOKMARK [3][-]{subsubsection.4.5.14}{Model - 14}{subsection.4.5}% 151
\BOOKMARK [3][-]{subsubsection.4.5.15}{Model - 15}{subsection.4.5}% 152
\BOOKMARK [3][-]{subsubsection.4.5.16}{Model - 16}{subsection.4.5}% 153
\BOOKMARK [3][-]{subsubsection.4.5.17}{Model - 17}{subsection.4.5}% 154
\BOOKMARK [3][-]{subsubsection.4.5.18}{Model - 18}{subsection.4.5}% 155
\BOOKMARK [3][-]{subsubsection.4.5.19}{Model - 19}{subsection.4.5}% 156
\BOOKMARK [3][-]{subsubsection.4.5.20}{Model - 20}{subsection.4.5}% 157
\BOOKMARK [3][-]{subsubsection.4.5.21}{Model - 21}{subsection.4.5}% 158
\BOOKMARK [3][-]{subsubsection.4.5.22}{Model - 22}{subsection.4.5}% 159
\BOOKMARK [3][-]{subsubsection.4.5.23}{Model - 23}{subsection.4.5}% 160
\BOOKMARK [3][-]{subsubsection.4.5.24}{Model - 24}{subsection.4.5}% 161
\BOOKMARK [3][-]{subsubsection.4.5.25}{Model - 25}{subsection.4.5}% 162
\BOOKMARK [3][-]{subsubsection.4.5.26}{Model - 26}{subsection.4.5}% 163
\BOOKMARK [3][-]{subsubsection.4.5.27}{Model - 27}{subsection.4.5}% 164
\BOOKMARK [2][-]{subsection.4.6}{Two Factor Model for EQsmallcap}{section.4}% 165
\BOOKMARK [3][-]{subsubsection.4.6.1}{Model - 1}{subsection.4.6}% 166
\BOOKMARK [3][-]{subsubsection.4.6.2}{Model - 2}{subsection.4.6}% 167
\BOOKMARK [3][-]{subsubsection.4.6.3}{Model - 3}{subsection.4.6}% 168
\BOOKMARK [3][-]{subsubsection.4.6.4}{Model - 4}{subsection.4.6}% 169
\BOOKMARK [3][-]{subsubsection.4.6.5}{Model - 5}{subsection.4.6}% 170
\BOOKMARK [3][-]{subsubsection.4.6.6}{Model - 6}{subsection.4.6}% 171
\BOOKMARK [3][-]{subsubsection.4.6.7}{Model - 7}{subsection.4.6}% 172
\BOOKMARK [3][-]{subsubsection.4.6.8}{Model - 8}{subsection.4.6}% 173
\BOOKMARK [3][-]{subsubsection.4.6.9}{Model - 9}{subsection.4.6}% 174
\BOOKMARK [3][-]{subsubsection.4.6.10}{Model - 10}{subsection.4.6}% 175
\BOOKMARK [3][-]{subsubsection.4.6.11}{Model - 11}{subsection.4.6}% 176
\BOOKMARK [3][-]{subsubsection.4.6.12}{Model - 12}{subsection.4.6}% 177
\BOOKMARK [3][-]{subsubsection.4.6.13}{Model - 13}{subsection.4.6}% 178
\BOOKMARK [3][-]{subsubsection.4.6.14}{Model - 14}{subsection.4.6}% 179
\BOOKMARK [3][-]{subsubsection.4.6.15}{Model - 15}{subsection.4.6}% 180
\BOOKMARK [3][-]{subsubsection.4.6.16}{Model - 16}{subsection.4.6}% 181
\BOOKMARK [3][-]{subsubsection.4.6.17}{Model - 17}{subsection.4.6}% 182
\BOOKMARK [3][-]{subsubsection.4.6.18}{Model - 18}{subsection.4.6}% 183
\BOOKMARK [3][-]{subsubsection.4.6.19}{Model - 19}{subsection.4.6}% 184
\BOOKMARK [3][-]{subsubsection.4.6.20}{Model - 20}{subsection.4.6}% 185
\BOOKMARK [3][-]{subsubsection.4.6.21}{Model - 21}{subsection.4.6}% 186
\BOOKMARK [3][-]{subsubsection.4.6.22}{Model - 22}{subsection.4.6}% 187
\BOOKMARK [3][-]{subsubsection.4.6.23}{Model - 23}{subsection.4.6}% 188
\BOOKMARK [3][-]{subsubsection.4.6.24}{Model - 24}{subsection.4.6}% 189
\BOOKMARK [3][-]{subsubsection.4.6.25}{Model - 25}{subsection.4.6}% 190
\BOOKMARK [3][-]{subsubsection.4.6.26}{Model - 26}{subsection.4.6}% 191
\BOOKMARK [3][-]{subsubsection.4.6.27}{Model - 27}{subsection.4.6}% 192
\BOOKMARK [3][-]{subsubsection.4.6.28}{Model - 28}{subsection.4.6}% 193
\BOOKMARK [3][-]{subsubsection.4.6.29}{Model - 29}{subsection.4.6}% 194
\BOOKMARK [3][-]{subsubsection.4.6.30}{Model - 30}{subsection.4.6}% 195
\BOOKMARK [2][-]{subsection.4.7}{Single Factor Model for EQdevedintl}{section.4}% 196
\BOOKMARK [3][-]{subsubsection.4.7.1}{Model - 1}{subsection.4.7}% 197
\BOOKMARK [3][-]{subsubsection.4.7.2}{Model - 2}{subsection.4.7}% 198
\BOOKMARK [3][-]{subsubsection.4.7.3}{Model - 3}{subsection.4.7}% 199
\BOOKMARK [3][-]{subsubsection.4.7.4}{Model - 4}{subsection.4.7}% 200
\BOOKMARK [3][-]{subsubsection.4.7.5}{Model - 5}{subsection.4.7}% 201
\BOOKMARK [3][-]{subsubsection.4.7.6}{Model - 6}{subsection.4.7}% 202
\BOOKMARK [3][-]{subsubsection.4.7.7}{Model - 7}{subsection.4.7}% 203
\BOOKMARK [3][-]{subsubsection.4.7.8}{Model - 8}{subsection.4.7}% 204
\BOOKMARK [3][-]{subsubsection.4.7.9}{Model - 9}{subsection.4.7}% 205
\BOOKMARK [3][-]{subsubsection.4.7.10}{Model - 10}{subsection.4.7}% 206
\BOOKMARK [3][-]{subsubsection.4.7.11}{Model - 11}{subsection.4.7}% 207
\BOOKMARK [3][-]{subsubsection.4.7.12}{Model - 12}{subsection.4.7}% 208
\BOOKMARK [3][-]{subsubsection.4.7.13}{Model - 13}{subsection.4.7}% 209
\BOOKMARK [3][-]{subsubsection.4.7.14}{Model - 14}{subsection.4.7}% 210
\BOOKMARK [3][-]{subsubsection.4.7.15}{Model - 15}{subsection.4.7}% 211
\BOOKMARK [3][-]{subsubsection.4.7.16}{Model - 16}{subsection.4.7}% 212
\BOOKMARK [3][-]{subsubsection.4.7.17}{Model - 17}{subsection.4.7}% 213
\BOOKMARK [2][-]{subsection.4.8}{Two Factor Model for EQdevedintl}{section.4}% 214
\BOOKMARK [3][-]{subsubsection.4.8.1}{Model - 1}{subsection.4.8}% 215
\BOOKMARK [3][-]{subsubsection.4.8.2}{Model - 2}{subsection.4.8}% 216
\BOOKMARK [3][-]{subsubsection.4.8.3}{Model - 3}{subsection.4.8}% 217
\BOOKMARK [3][-]{subsubsection.4.8.4}{Model - 4}{subsection.4.8}% 218
\BOOKMARK [3][-]{subsubsection.4.8.5}{Model - 5}{subsection.4.8}% 219
\BOOKMARK [3][-]{subsubsection.4.8.6}{Model - 6}{subsection.4.8}% 220
\BOOKMARK [3][-]{subsubsection.4.8.7}{Model - 7}{subsection.4.8}% 221
\BOOKMARK [3][-]{subsubsection.4.8.8}{Model - 8}{subsection.4.8}% 222
\BOOKMARK [3][-]{subsubsection.4.8.9}{Model - 9}{subsection.4.8}% 223
\BOOKMARK [3][-]{subsubsection.4.8.10}{Model - 10}{subsection.4.8}% 224
\BOOKMARK [3][-]{subsubsection.4.8.11}{Model - 11}{subsection.4.8}% 225
\BOOKMARK [3][-]{subsubsection.4.8.12}{Model - 12}{subsection.4.8}% 226
\BOOKMARK [3][-]{subsubsection.4.8.13}{Model - 13}{subsection.4.8}% 227
\BOOKMARK [3][-]{subsubsection.4.8.14}{Model - 14}{subsection.4.8}% 228
\BOOKMARK [3][-]{subsubsection.4.8.15}{Model - 15}{subsection.4.8}% 229
\BOOKMARK [3][-]{subsubsection.4.8.16}{Model - 16}{subsection.4.8}% 230
\BOOKMARK [3][-]{subsubsection.4.8.17}{Model - 17}{subsection.4.8}% 231
\BOOKMARK [3][-]{subsubsection.4.8.18}{Model - 18}{subsection.4.8}% 232
\BOOKMARK [3][-]{subsubsection.4.8.19}{Model - 19}{subsection.4.8}% 233
\BOOKMARK [3][-]{subsubsection.4.8.20}{Model - 20}{subsection.4.8}% 234
\BOOKMARK [3][-]{subsubsection.4.8.21}{Model - 21}{subsection.4.8}% 235
\BOOKMARK [3][-]{subsubsection.4.8.22}{Model - 22}{subsection.4.8}% 236
\BOOKMARK [3][-]{subsubsection.4.8.23}{Model - 23}{subsection.4.8}% 237
\BOOKMARK [3][-]{subsubsection.4.8.24}{Model - 24}{subsection.4.8}% 238
\BOOKMARK [3][-]{subsubsection.4.8.25}{Model - 25}{subsection.4.8}% 239
\BOOKMARK [3][-]{subsubsection.4.8.26}{Model - 26}{subsection.4.8}% 240
\BOOKMARK [3][-]{subsubsection.4.8.27}{Model - 27}{subsection.4.8}% 241
\BOOKMARK [3][-]{subsubsection.4.8.28}{Model - 28}{subsection.4.8}% 242
\BOOKMARK [3][-]{subsubsection.4.8.29}{Model - 29}{subsection.4.8}% 243
\BOOKMARK [3][-]{subsubsection.4.8.30}{Model - 30}{subsection.4.8}% 244
\BOOKMARK [2][-]{subsection.4.9}{Single Factor Model for EQdevingintl}{section.4}% 245
\BOOKMARK [3][-]{subsubsection.4.9.1}{Model - 1}{subsection.4.9}% 246
\BOOKMARK [3][-]{subsubsection.4.9.2}{Model - 2}{subsection.4.9}% 247
\BOOKMARK [3][-]{subsubsection.4.9.3}{Model - 3}{subsection.4.9}% 248
\BOOKMARK [3][-]{subsubsection.4.9.4}{Model - 4}{subsection.4.9}% 249
\BOOKMARK [3][-]{subsubsection.4.9.5}{Model - 5}{subsection.4.9}% 250
\BOOKMARK [3][-]{subsubsection.4.9.6}{Model - 6}{subsection.4.9}% 251
\BOOKMARK [3][-]{subsubsection.4.9.7}{Model - 7}{subsection.4.9}% 252
\BOOKMARK [3][-]{subsubsection.4.9.8}{Model - 8}{subsection.4.9}% 253
\BOOKMARK [3][-]{subsubsection.4.9.9}{Model - 9}{subsection.4.9}% 254
\BOOKMARK [3][-]{subsubsection.4.9.10}{Model - 10}{subsection.4.9}% 255
\BOOKMARK [3][-]{subsubsection.4.9.11}{Model - 11}{subsection.4.9}% 256
\BOOKMARK [3][-]{subsubsection.4.9.12}{Model - 12}{subsection.4.9}% 257
\BOOKMARK [3][-]{subsubsection.4.9.13}{Model - 13}{subsection.4.9}% 258
\BOOKMARK [3][-]{subsubsection.4.9.14}{Model - 14}{subsection.4.9}% 259
\BOOKMARK [3][-]{subsubsection.4.9.15}{Model - 15}{subsection.4.9}% 260
\BOOKMARK [3][-]{subsubsection.4.9.16}{Model - 16}{subsection.4.9}% 261
\BOOKMARK [3][-]{subsubsection.4.9.17}{Model - 17}{subsection.4.9}% 262
\BOOKMARK [3][-]{subsubsection.4.9.18}{Model - 18}{subsection.4.9}% 263
\BOOKMARK [3][-]{subsubsection.4.9.19}{Model - 19}{subsection.4.9}% 264
\BOOKMARK [3][-]{subsubsection.4.9.20}{Model - 20}{subsection.4.9}% 265
\BOOKMARK [3][-]{subsubsection.4.9.21}{Model - 21}{subsection.4.9}% 266
\BOOKMARK [2][-]{subsection.4.10}{Two Factor Model for EQdevingintl}{section.4}% 267
\BOOKMARK [3][-]{subsubsection.4.10.1}{Model - 1}{subsection.4.10}% 268
\BOOKMARK [3][-]{subsubsection.4.10.2}{Model - 2}{subsection.4.10}% 269
\BOOKMARK [3][-]{subsubsection.4.10.3}{Model - 3}{subsection.4.10}% 270
\BOOKMARK [3][-]{subsubsection.4.10.4}{Model - 4}{subsection.4.10}% 271
\BOOKMARK [3][-]{subsubsection.4.10.5}{Model - 5}{subsection.4.10}% 272
\BOOKMARK [3][-]{subsubsection.4.10.6}{Model - 6}{subsection.4.10}% 273
\BOOKMARK [3][-]{subsubsection.4.10.7}{Model - 7}{subsection.4.10}% 274
\BOOKMARK [3][-]{subsubsection.4.10.8}{Model - 8}{subsection.4.10}% 275
\BOOKMARK [3][-]{subsubsection.4.10.9}{Model - 9}{subsection.4.10}% 276
\BOOKMARK [3][-]{subsubsection.4.10.10}{Model - 10}{subsection.4.10}% 277
\BOOKMARK [3][-]{subsubsection.4.10.11}{Model - 11}{subsection.4.10}% 278
\BOOKMARK [3][-]{subsubsection.4.10.12}{Model - 12}{subsection.4.10}% 279
\BOOKMARK [3][-]{subsubsection.4.10.13}{Model - 13}{subsection.4.10}% 280
\BOOKMARK [3][-]{subsubsection.4.10.14}{Model - 14}{subsection.4.10}% 281
\BOOKMARK [3][-]{subsubsection.4.10.15}{Model - 15}{subsection.4.10}% 282
\BOOKMARK [3][-]{subsubsection.4.10.16}{Model - 16}{subsection.4.10}% 283
\BOOKMARK [3][-]{subsubsection.4.10.17}{Model - 17}{subsection.4.10}% 284
\BOOKMARK [3][-]{subsubsection.4.10.18}{Model - 18}{subsection.4.10}% 285
\BOOKMARK [3][-]{subsubsection.4.10.19}{Model - 19}{subsection.4.10}% 286
\BOOKMARK [3][-]{subsubsection.4.10.20}{Model - 20}{subsection.4.10}% 287
\BOOKMARK [3][-]{subsubsection.4.10.21}{Model - 21}{subsection.4.10}% 288
\BOOKMARK [3][-]{subsubsection.4.10.22}{Model - 22}{subsection.4.10}% 289
\BOOKMARK [3][-]{subsubsection.4.10.23}{Model - 23}{subsection.4.10}% 290
\BOOKMARK [3][-]{subsubsection.4.10.24}{Model - 24}{subsection.4.10}% 291
\BOOKMARK [3][-]{subsubsection.4.10.25}{Model - 25}{subsection.4.10}% 292
\BOOKMARK [3][-]{subsubsection.4.10.26}{Model - 26}{subsection.4.10}% 293
\BOOKMARK [3][-]{subsubsection.4.10.27}{Model - 27}{subsection.4.10}% 294
\BOOKMARK [3][-]{subsubsection.4.10.28}{Model - 28}{subsection.4.10}% 295
\BOOKMARK [3][-]{subsubsection.4.10.29}{Model - 29}{subsection.4.10}% 296
\BOOKMARK [3][-]{subsubsection.4.10.30}{Model - 30}{subsection.4.10}% 297
